Component: ARM Compiler 5.06 update 7 (build 960) Tool: armlink [4d3601]

==============================================================================

Section Cross References

    main.o(i.ble_mem_init_config) refers to patch.o(_func_xip_code_.LL_InitConnectContext) for LL_InitConnectContext
    main.o(i.ble_mem_init_config) refers to main.o(.bss) for g_largeHeap
    main.o(i.hal_init) refers to main.o(i.hal_low_power_io_init) for hal_low_power_io_init
    main.o(i.hal_init) refers to patch.o(i.clk_init) for clk_init
    main.o(i.hal_init) refers to clock.o(i.hal_rtc_clock_config) for hal_rtc_clock_config
    main.o(i.hal_init) refers to pwrmgr.o(i.hal_pwrmgr_init) for hal_pwrmgr_init
    main.o(i.hal_init) refers to flash.o(i.hal_spif_cache_init) for hal_spif_cache_init
    main.o(i.hal_init) refers to gpio.o(i.hal_gpio_init) for hal_gpio_init
    main.o(i.hal_init) refers to fs.o(i.hal_fs_ctx) for hal_fs_ctx
    main.o(i.hal_init) refers to fs.o(i.hal_fs_init) for hal_fs_init
    main.o(i.hal_init) refers to main.o(.data) for g_clk32K_config
    main.o(i.hal_init) refers to main.o(.constdata) for .constdata
    main.o(i.hal_init) refers to main.o(.bss) for snv_fs
    main.o(i.hal_low_power_io_init) refers to gpio.o(i.hal_gpio_pull_set) for hal_gpio_pull_set
    main.o(i.hal_low_power_io_init) refers to pwrmgr.o(i.hal_pwrmgr_RAM_retention) for hal_pwrmgr_RAM_retention
    main.o(i.hal_low_power_io_init) refers to pwrmgr.o(i.hal_pwrmgr_RAM_retention_set) for hal_pwrmgr_RAM_retention_set
    main.o(i.hal_low_power_io_init) refers to pwrmgr.o(i.hal_pwrmgr_LowCurrentLdo_enable) for hal_pwrmgr_LowCurrentLdo_enable
    main.o(i.hal_low_power_io_init) refers to main.o(.constdata) for .constdata
    main.o(i.hal_rfphy_init) refers to clock.o(i.hal_rc32k_clk_tracking_init) for hal_rc32k_clk_tracking_init
    main.o(i.hal_rfphy_init) refers to patch.o(i.hal_rom_boot_init) for hal_rom_boot_init
    main.o(i.hal_rfphy_init) refers to main.o(i.__NVIC_SetPriority) for __NVIC_SetPriority
    main.o(i.hal_rfphy_init) refers to main.o(i.ble_mem_init_config) for ble_mem_init_config
    main.o(i.main) refers to patch.o(_section_xip_code_) for init_config
    main.o(i.main) refers to main.o(i.hal_rfphy_init) for hal_rfphy_init
    main.o(i.main) refers to main.o(i.hal_init) for hal_init
    main.o(i.main) refers to gpio_main.o(i.app_main) for app_main
    main.o(i.main) refers to main.o(.data) for g_clk32K_config
    jump_table.o(.emb_text) refers to jump_table.o(i._hard_fault) for _hard_fault
    jump_table.o(i._hard_fault) refers to jump_table.o(.data) for trap_c_callback
    jump_table.o(jump_table_mem_area) refers to osal_gpio.o(i.osalInitTasks) for osalInitTasks
    jump_table.o(jump_table_mem_area) refers to osal_gpio.o(_section_sram_code_) for tasksArr
    jump_table.o(jump_table_mem_area) refers to osal_gpio.o(.data) for tasksEvents
    jump_table.o(jump_table_mem_area) refers (Weak) to pwrmgr.o(i.hal_pwrmgr_sleep_process) for hal_pwrmgr_sleep_process
    jump_table.o(jump_table_mem_area) refers (Weak) to pwrmgr.o(i.hal_pwrmgr_wakeup_process) for hal_pwrmgr_wakeup_process
    jump_table.o(jump_table_mem_area) refers to rf_phy_driver.o(i.rf_phy_ini) for rf_phy_ini
    jump_table.o(jump_table_mem_area) refers to jump_table.o(.emb_text) for hard_fault
    jump_table.o(jump_table_mem_area) refers (Weak) to uart.o(i.hal_UART0_IRQHandler) for hal_UART0_IRQHandler
    osal_gpio.o(i.osalInitTasks) refers to ty_app.o(i.ty_app_init) for ty_app_init
    osal_gpio.o(i.osalInitTasks) refers to osal_gpio.o(.data) for tasksEvents
    osal_gpio.o(_section_sram_code_) refers to ty_app.o(i.ty_app_pro_event) for ty_app_pro_event
    ty_app.o(i.dht_gpio_get) refers to gpio.o(i.hal_gpio_read) for hal_gpio_read
    ty_app.o(i.dht_gpio_init) refers to gpio.o(i.hal_gpio_pin_init) for hal_gpio_pin_init
    ty_app.o(i.dht_gpio_init) refers to gpio.o(i.hal_gpio_pull_set) for hal_gpio_pull_set
    ty_app.o(i.dht_gpio_set) refers to gpio.o(i.hal_gpio_fast_write) for hal_gpio_fast_write
    ty_app.o(i.ty_all_data_updata) refers to ty_app.o(i.ty_dht_humi_temp_updata) for ty_dht_humi_temp_updata
    ty_app.o(i.ty_all_data_updata) refers to ty_app.o(i.ty_warn_push_updata) for ty_warn_push_updata
    ty_app.o(i.ty_all_data_updata) refers to ty_app.o(i.ty_temp_warn_switch_updata) for ty_temp_warn_switch_updata
    ty_app.o(i.ty_all_data_updata) refers to ty_app.o(i.ty_temp_humi_warn_value_updata) for ty_temp_humi_warn_value_updata
    ty_app.o(i.ty_all_data_updata) refers to ty_app.o(i.ty_day_three_energy_updata) for ty_day_three_energy_updata
    ty_app.o(i.ty_all_data_updata) refers to ty_app.o(i.ty_total_three_energy_updata) for ty_total_three_energy_updata
    ty_app.o(i.ty_all_data_updata) refers to ty_app.o(i.ty_three_real_power_updata) for ty_three_real_power_updata
    ty_app.o(i.ty_all_data_updata) refers to ty_app.o(i.ty_warn_switch_updata) for ty_warn_switch_updata
[...]
    _main_scatterload                        0x1fff18fd   Thumb Code     0  entry5.o(.ARM.Collect$$$$00000004)
    __main_after_scatterload                 0x1fff1901   Thumb Code     0  entry5.o(.ARM.Collect$$$$00000004)
    _main_clock                              0x1fff1901   Thumb Code     0  entry7b.o(.ARM.Collect$$$$00000008)
    _main_cpp_init                           0x1fff1901   Thumb Code     0  entry8b.o(.ARM.Collect$$$$0000000A)
    _main_init                               0x1fff1901   Thumb Code     0  entry9a.o(.ARM.Collect$$$$0000000B)
    __rt_lib_shutdown_fini                   0x1fff1909   Thumb Code     0  entry12b.o(.ARM.Collect$$$$0000000E)
    __rt_final_cpp                           0x1fff190d   Thumb Code     0  entry10a.o(.ARM.Collect$$$$0000000F)
    __rt_final_exit                          0x1fff190d   Thumb Code     0  entry11a.o(.ARM.Collect$$$$00000011)
    hard_fault                               0x1fff1911   Thumb Code    44  jump_table.o(.emb_text)
    Reset_Handler                            0x1fff1949   Thumb Code     8  startup_armcm0.o(.text)
    SVC_Handler                              0x1fff1955   Thumb Code     2  startup_armcm0.o(.text)
    SysTick_Handler                          0x1fff1959   Thumb Code     2  startup_armcm0.o(.text)
    AACI_IRQHandler                          0x1fff195b   Thumb Code     0  startup_armcm0.o(.text)
    CAN_IRQHandler                           0x1fff195b   Thumb Code     0  startup_armcm0.o(.text)
    CHLCD_IRQHandler                         0x1fff195b   Thumb Code     0  startup_armcm0.o(.text)
    CLCD_IRQHandler                          0x1fff195b   Thumb Code     0  startup_armcm0.o(.text)
    CPU_CLCD_IRQHandler                      0x1fff195b   Thumb Code     0  startup_armcm0.o(.text)
    ENET_IRQHandler                          0x1fff195b   Thumb Code     0  startup_armcm0.o(.text)
    FLEXRAY_IRQHandler                       0x1fff195b   Thumb Code     0  startup_armcm0.o(.text)
    I2C_IRQHandler                           0x1fff195b   Thumb Code     0  startup_armcm0.o(.text)
    LIN_IRQHandler                           0x1fff195b   Thumb Code     0  startup_armcm0.o(.text)
    MCIA_IRQHandler                          0x1fff195b   Thumb Code     0  startup_armcm0.o(.text)
    MCIB_IRQHandler                          0x1fff195b   Thumb Code     0  startup_armcm0.o(.text)
    RTC_IRQHandler                           0x1fff195b   Thumb Code     0  startup_armcm0.o(.text)
    SPI_IRQHandler                           0x1fff195b   Thumb Code     0  startup_armcm0.o(.text)
    TIM0_IRQHandler                          0x1fff195b   Thumb Code     0  startup_armcm0.o(.text)
    TIM2_IRQHandler                          0x1fff195b   Thumb Code     0  startup_armcm0.o(.text)
    UART0_IRQHandler                         0x1fff195b   Thumb Code     0  startup_armcm0.o(.text)
    UART1_IRQHandler                         0x1fff195b   Thumb Code     0  startup_armcm0.o(.text)
    UART2_IRQHandler                         0x1fff195b   Thumb Code     0  startup_armcm0.o(.text)
    UART3_IRQHandler                         0x1fff195b   Thumb Code     0  startup_armcm0.o(.text)
    UART4_IRQHandler                         0x1fff195b   Thumb Code     0  startup_armcm0.o(.text)
    USBDC_IRQHandler                         0x1fff195b   Thumb Code     0  startup_armcm0.o(.text)
    USBHC_IRQHandler                         0x1fff195b   Thumb Code     0  startup_armcm0.o(.text)
    WDT_IRQHandler                           0x1fff195b   Thumb Code     0  startup_armcm0.o(.text)
    __scatterload                            0x1fff1965   Thumb Code    28  init.o(.text)
    __scatterload_rt2                        0x1fff1965   Thumb Code     0  init.o(.text)
    __decompress                             0x1fff1989   Thumb Code     0  __dczerorl2.o(.text)
    __decompress1                            0x1fff1989   Thumb Code    86  __dczerorl2.o(.text)
    Long Thumb to Thumb Veneer to drv_disable_irq 0x1fff19e1   Thumb Code    12  anon$$obj.o(Veneer$$Code)
    Long Thumb to Thumb Veneer to LL_Disconnect0 0x1fff19ed   Thumb Code    12  anon$$obj.o(Veneer$$Code)
    Long Thumb to Thumb Veneer to drv_enable_irq 0x1fff19f9   Thumb Code    12  anon$$obj.o(Veneer$$Code)
    Long Thumb to Thumb Veneer to __aeabi_memclr4 0x1fff1a05   Thumb Code    12  anon$$obj.o(Veneer$$Code)
    Long Thumb to Thumb Veneer to LL_SetDataLengh0 0x1fff1a11   Thumb Code    12  anon$$obj.o(Veneer$$Code)
    Long Thumb to Thumb Veneer to llEnqueueDataQ 0x1fff1a1d   Thumb Code    12  anon$$obj.o(Veneer$$Code)
    Long Thumb to Thumb Veneer to llProcessTxData 0x1fff1a29   Thumb Code    12  anon$$obj.o(Veneer$$Code)
    Long Thumb to Thumb Veneer to config_RTC 0x1fff1a35   Thumb Code    12  anon$$obj.o(Veneer$$Code)
    Long Thumb to Thumb Veneer to enter_sleep_off_mode 0x1fff1a41   Thumb Code    12  anon$$obj.o(Veneer$$Code)
    Long Thumb to Thumb Veneer to LL_CreateConnCancel0 0x1fff1a4d   Thumb Code    12  anon$$obj.o(Veneer$$Code)
    Long Thumb to Thumb Veneer to enableSleep 0x1fff1a59   Thumb Code    12  anon$$obj.o(Veneer$$Code)
    Long Thumb to Thumb Veneer to setSleepMode 0x1fff1a65   Thumb Code    12  anon$$obj.o(Veneer$$Code)
    Long Thumb to Thumb Veneer to LL_ENC_AES128_Encrypt0 0x1fff1a71   Thumb Code    12  anon$$obj.o(Veneer$$Code)
    Long Thumb to Thumb Veneer to LL_ENC_LoadKey 0x1fff1a7d   Thumb Code    12  anon$$obj.o(Veneer$$Code)
    Long Thumb to Thumb Veneer to LL_ENC_GenerateNonce 0x1fff1a89   Thumb Code    12  anon$$obj.o(Veneer$$Code)
    Long Thumb to Thumb Veneer to __aeabi_uread4 0x1fff1a95   Thumb Code    12  anon$$obj.o(Veneer$$Code)
    Long Thumb to Thumb Veneer to read_current_fine_time 0x1fff1aa1   Thumb Code    12  anon$$obj.o(Veneer$$Code)
    Long Thumb to Thumb Veneer to ll_debug_output 0x1fff1aad   Thumb Code    12  anon$$obj.o(Veneer$$Code)
    Long Thumb to Thumb Veneer to ll_hw_get_irq_status 0x1fff1ab9   Thumb Code    12  anon$$obj.o(Veneer$$Code)
    Long Thumb to Thumb Veneer to ll_hw_get_tr_mode 0x1fff1ac5   Thumb Code    12  anon$$obj.o(Veneer$$Code)
    Long Thumb to Thumb Veneer to ll_hw_clr_irq 0x1fff1ad1   Thumb Code    12  anon$$obj.o(Veneer$$Code)
    Long Thumb to Thumb Veneer to ll_processExtAdvIRQ 0x1fff1add   Thumb Code    12  anon$$obj.o(Veneer$$Code)
    Long Thumb to Thumb Veneer to ll_processExtScanIRQ 0x1fff1ae9   Thumb Code    12  anon$$obj.o(Veneer$$Code)
    Long Thumb to Thumb Veneer to ll_processExtInitIRQ 0x1fff1af5   Thumb Code    12  anon$$obj.o(Veneer$$Code)
    Long Thumb to Thumb Veneer to ll_processPrdAdvIRQ 0x1fff1b01   Thumb Code    12  anon$$obj.o(Veneer$$Code)
    Long Thumb to Thumb Veneer to ll_processPrdScanIRQ 0x1fff1b0d   Thumb Code    12  anon$$obj.o(Veneer$$Code)
    Long Thumb to Thumb Veneer to ll_processBasicIRQ 0x1fff1b19   Thumb Code    12  anon$$obj.o(Veneer$$Code)
    Long Thumb to Thumb Veneer to ll_schedule_next_event 0x1fff1b25   Thumb Code    12  anon$$obj.o(Veneer$$Code)
    Long Thumb to Thumb Veneer to llSecAdvAllow 0x1fff1b31   Thumb Code    12  anon$$obj.o(Veneer$$Code)
    Long Thumb to Thumb Veneer to llSetupSecAdvEvt 0x1fff1b3d   Thumb Code    12  anon$$obj.o(Veneer$$Code)
    Long Thumb to Thumb Veneer to ll_hw_set_rx_timeout 0x1fff1b49   Thumb Code    12  anon$$obj.o(Veneer$$Code)
    Long Thumb to Thumb Veneer to llSetupSecScan 0x1fff1b55   Thumb Code    12  anon$$obj.o(Veneer$$Code)
    Long Thumb to Thumb Veneer to llSetupSecInit 0x1fff1b61   Thumb Code    12  anon$$obj.o(Veneer$$Code)
    Long Thumb to Thumb Veneer to LL_DisconnectCback 0x1fff1b6d   Thumb Code    12  anon$$obj.o(Veneer$$Code)
    Long Thumb to Thumb Veneer to LL_ProcessEvent0 0x1fff1b79   Thumb Code    12  anon$$obj.o(Veneer$$Code)
    Long Thumb to Thumb Veneer to LL_Reset0  0x1fff1b85   Thumb Code    12  anon$$obj.o(Veneer$$Code)
    Long Thumb to Thumb Veneer to LL_set_default_conn_params0 0x1fff1b91   Thumb Code    12  anon$$obj.o(Veneer$$Code)
    Long Thumb to Thumb Veneer to efuse_read 0x1fff1b9d   Thumb Code    12  anon$$obj.o(Veneer$$Code)
    Long Thumb to Thumb Veneer to rom_uart_init 0x1fff1ba9   Thumb Code    12  anon$$obj.o(Veneer$$Code)
    Long Thumb to Thumb Veneer to log_printf 0x1fff1bb5   Thumb Code    12  anon$$obj.o(Veneer$$Code)
    Long Thumb to Thumb Veneer to rtc_get_counter 0x1fff1bc1   Thumb Code    12  anon$$obj.o(Veneer$$Code)
    Long Thumb to Thumb Veneer to spif_cmd   0x1fff1bcd   Thumb Code    12  anon$$obj.o(Veneer$$Code)
    Long Thumb to Thumb Veneer to spif_rddata 0x1fff1bd9   Thumb Code    12  anon$$obj.o(Veneer$$Code)
    Long Thumb to Thumb Veneer to WaitRTCCount 0x1fff1be5   Thumb Code    12  anon$$obj.o(Veneer$$Code)
    Long Thumb to Thumb Veneer to osal_init_system 0x1fff1bf1   Thumb Code    12  anon$$obj.o(Veneer$$Code)
    Long Thumb to Thumb Veneer to osal_pwrmgr_device 0x1fff1bfd   Thumb Code    12  anon$$obj.o(Veneer$$Code)
    Long Thumb to Thumb Veneer to osal_start_system 0x1fff1c09   Thumb Code    12  anon$$obj.o(Veneer$$Code)
    Long Thumb to Thumb Veneer to osal_mem_set_heap 0x1fff1c15   Thumb Code    12  anon$$obj.o(Veneer$$Code)
    Long Thumb to Thumb Veneer to set_sleep_flag 0x1fff1c21   Thumb Code    12  anon$$obj.o(Veneer$$Code)
    Long Thumb to Thumb Veneer to read_LL_remainder_time 0x1fff1c2d   Thumb Code    12  anon$$obj.o(Veneer$$Code)
    Long Thumb to Thumb Veneer to __ARM_common_switch8 0x1fff1c39   Thumb Code    12  anon$$obj.o(Veneer$$Code)
    Long Thumb to Thumb Veneer to ll_hw_set_rx_timeout_1st 0x1fff1c45   Thumb Code    12  anon$$obj.o(Veneer$$Code)
    Long Thumb to Thumb Veneer to enterSleepProcess0 0x1fff1c51   Thumb Code    12  anon$$obj.o(Veneer$$Code)
    Long Thumb to Thumb Veneer to LL_ENC_AES128_Encrypt 0x1fff1c5d   Thumb Code    12  anon$$obj.o(Veneer$$Code)
    Long Thumb to Thumb Veneer to osal_memcmp 0x1fff1c69   Thumb Code    12  anon$$obj.o(Veneer$$Code)
    Long Thumb to Thumb Veneer to osal_memset 0x1fff1c75   Thumb Code    12  anon$$obj.o(Veneer$$Code)
    Long Thumb to Thumb Veneer to __aeabi_idivmod 0x1fff1c81   Thumb Code    12  anon$$obj.o(Veneer$$Code)
    Long Thumb to Thumb Veneer to spif_erase_sector 0x1fff1c8d   Thumb Code    12  anon$$obj.o(Veneer$$Code)
    Long Thumb to Thumb Veneer to spif_write_dma 0x1fff1c99   Thumb Code    12  anon$$obj.o(Veneer$$Code)
    Long Thumb to Thumb Veneer to osal_memcpy 0x1fff1ca5   Thumb Code    12  anon$$obj.o(Veneer$$Code)
    Long Thumb to Thumb Veneer to spif_read_id 0x1fff1cb1   Thumb Code    12  anon$$obj.o(Veneer$$Code)
    Long Thumb to Thumb Veneer to __aeabi_memcpy4 0x1fff1cbd   Thumb Code    12  anon$$obj.o(Veneer$$Code)
    Long Thumb to Thumb Veneer to disableSleep 0x1fff1cc9   Thumb Code    12  anon$$obj.o(Veneer$$Code)
    Long Thumb to Thumb Veneer to spif_config 0x1fff1cd5   Thumb Code    12  anon$$obj.o(Veneer$$Code)
    Long Thumb to Thumb Veneer to llProcessTxData0 0x1fff1ce1   Thumb Code    12  anon$$obj.o(Veneer$$Code)
    Long Thumb to Thumb Veneer to llReleaseConnId0 0x1fff1ced   Thumb Code    12  anon$$obj.o(Veneer$$Code)
    Long Thumb to Thumb Veneer to llSlaveEvt_TaskEndOk0 0x1fff1cf9   Thumb Code    12  anon$$obj.o(Veneer$$Code)
    Long Thumb to Thumb Veneer to getTxBufferFree 0x1fff1d05   Thumb Code    12  anon$$obj.o(Veneer$$Code)
    Long Thumb to Thumb Veneer to get_tx_write_ptr 0x1fff1d11   Thumb Code    12  anon$$obj.o(Veneer$$Code)
    Long Thumb to Thumb Veneer to LL_ENC_Encrypt 0x1fff1d1d   Thumb Code    12  anon$$obj.o(Veneer$$Code)
    Long Thumb to Thumb Veneer to __aeabi_memcpy 0x1fff1d29   Thumb Code    12  anon$$obj.o(Veneer$$Code)
    Long Thumb to Thumb Veneer to update_tx_write_ptr 0x1fff1d35   Thumb Code    12  anon$$obj.o(Veneer$$Code)
    Long Thumb to Thumb Veneer to ll_hw_write_tfifo 0x1fff1d41   Thumb Code    12  anon$$obj.o(Veneer$$Code)
    Long Thumb to Thumb Veneer to ll_hw_get_tfifo_wrptr 0x1fff1d4d   Thumb Code    12  anon$$obj.o(Veneer$$Code)
    Long Thumb to Thumb Veneer to getTxBufferSize 0x1fff1d59   Thumb Code    12  anon$$obj.o(Veneer$$Code)
    Long Thumb to Thumb Veneer to get_tx_read_ptr 0x1fff1d65   Thumb Code    12  anon$$obj.o(Veneer$$Code)
    Long Thumb to Thumb Veneer to update_tx_read_ptr 0x1fff1d71   Thumb Code    12  anon$$obj.o(Veneer$$Code)
    Long Thumb to Thumb Veneer to llEnqueueCtrlPkt 0x1fff1d7d   Thumb Code    12  anon$$obj.o(Veneer$$Code)
    Long Thumb to Thumb Veneer to ll_hw_set_loop_timeout 0x1fff1d89   Thumb Code    12  anon$$obj.o(Veneer$$Code)
    Long Thumb to Thumb Veneer to get_rx_write_ptr 0x1fff1d95   Thumb Code    12  anon$$obj.o(Veneer$$Code)
    Long Thumb to Thumb Veneer to getRxBufferFree 0x1fff1da1   Thumb Code    12  anon$$obj.o(Veneer$$Code)
    Long Thumb to Thumb Veneer to set_max_length 0x1fff1dad   Thumb Code    12  anon$$obj.o(Veneer$$Code)
    Long Thumb to Thumb Veneer to ll_hw_read_tfifo_packet 0x1fff1db9   Thumb Code    12  anon$$obj.o(Veneer$$Code)
    Long Thumb to Thumb Veneer to osal_mem_alloc 0x1fff1dc5   Thumb Code    12  anon$$obj.o(Veneer$$Code)
    Long Thumb to Thumb Veneer to ll_read_rxfifo0 0x1fff1dd1   Thumb Code    12  anon$$obj.o(Veneer$$Code)
    Long Thumb to Thumb Veneer to drv_irq_init 0x1fff1ddd   Thumb Code    12  anon$$obj.o(Veneer$$Code)
    Long Thumb to Thumb Veneer to LL_Init    0x1fff1de9   Thumb Code    12  anon$$obj.o(Veneer$$Code)
    Long Thumb to Thumb Veneer to osal_pwrmgr_powerconserve0 0x1fff1df5   Thumb Code    12  anon$$obj.o(Veneer$$Code)
    Long Thumb to Thumb Veneer to ll_hw_set_crc_fmt 0x1fff1e01   Thumb Code    12  anon$$obj.o(Veneer$$Code)
    Long Thumb to Thumb Veneer to ll_hw_tx2rx_timing_config 0x1fff1e0d   Thumb Code    12  anon$$obj.o(Veneer$$Code)
    Long Thumb to Thumb Veneer to osal_start_reload_timer 0x1fff1e19   Thumb Code    12  anon$$obj.o(Veneer$$Code)
    Long Thumb to Thumb Veneer to osal_start_timerEx 0x1fff1e25   Thumb Code    12  anon$$obj.o(Veneer$$Code)
    Long Thumb to Thumb Veneer to osal_set_event 0x1fff1e31   Thumb Code    12  anon$$obj.o(Veneer$$Code)
    Long Thumb to Thumb Veneer to __aeabi_uidivmod 0x1fff1e3d   Thumb Code    12  anon$$obj.o(Veneer$$Code)
    Long Thumb to Thumb Veneer to clk_get_pclk 0x1fff1e49   Thumb Code    12  anon$$obj.o(Veneer$$Code)
    Long Thumb to Thumb Veneer to osalTimeUpdate 0x1fff1e55   Thumb Code    12  anon$$obj.o(Veneer$$Code)
    Long Thumb to Thumb Veneer to set_timer  0x1fff1e61   Thumb Code    12  anon$$obj.o(Veneer$$Code)
    Long Thumb to Thumb Veneer to app_wakeup_process 0x1fff1e6d   Thumb Code    12  anon$$obj.o(Veneer$$Code)
    Long Thumb to Thumb Veneer to ll_hw_set_empty_head 0x1fff1e79   Thumb Code    12  anon$$obj.o(Veneer$$Code)
    Long Thumb to Thumb Veneer to ll_hw_set_timing 0x1fff1e85   Thumb Code    12  anon$$obj.o(Veneer$$Code)
    Long Thumb to Thumb Veneer to ll_hw_ign_rfifo 0x1fff1e91   Thumb Code    12  anon$$obj.o(Veneer$$Code)
    LL_Disconnect1                           0x1fff1e9d   Thumb Code    28  patch.o(_func_xip_code_.LL_Disconnect1)
    LL_InitConnectContext                    0x1fff1eb9   Thumb Code   250  patch.o(_func_xip_code_.LL_InitConnectContext)
    LL_SetDataLengh1                         0x1fff1fd5   Thumb Code    40  patch.o(_func_xip_code_.LL_SetDataLengh1)
    LL_TxData1                               0x1fff2005   Thumb Code   150  patch.o(_func_xip_code_.LL_TxData1)
    hal_pwrmgr_enter_sleep_rtc_reset         0x1fff21e1   Thumb Code    54  pwrmgr.o(_section_sram_code_)
    hal_watchdog_init                        0x1fff2265   Thumb Code   230  watchdog.o(_section_sram_code_)
    LL_CreateConnCancel1                     0x1fff2361   Thumb Code    30  patch.o(_section_xip_code_)
    global_config_maxscanrsplen              0x1fff237f   Thumb Code    12  patch.o(_section_xip_code_)
    init_config                              0x1fff238b   Thumb Code   540  patch.o(_section_xip_code_)
    LL_ENC_AES128_Encrypt1                   0x1fff2665   Thumb Code    26  patch.o(i.LL_ENC_AES128_Encrypt1)
    LL_ENC_Decrypt1                          0x1fff2681   Thumb Code   364  patch.o(i.LL_ENC_Decrypt1)
    LL_ENC_Encrypt1                          0x1fff27f9   Thumb Code   342  patch.o(i.LL_ENC_Encrypt1)
    LL_IRQHandler1                           0x1fff2959   Thumb Code   406  patch.o(i.LL_IRQHandler1)
    LL_ProcessEvent1                         0x1fff2b15   Thumb Code    72  patch.o(i.LL_ProcessEvent1)
    LL_Reset1                                0x1fff2b69   Thumb Code    24  patch.o(i.LL_Reset1)
    LL_set_default_conn_params1              0x1fff2b81   Thumb Code    72  patch.o(i.LL_set_default_conn_params1)
    SystemInit                               0x1fff2bdd   Thumb Code     8  system_armcm0.o(i.SystemInit)
    WaitUs                                   0x1fff2bed   Thumb Code    54  clock.o(i.WaitUs)
    __psr                                    0x1fff2e0d   Thumb Code     6  patch.o(i.__psr)
    __scatterload_copy                       0x1fff2e13   Thumb Code    14  handlers.o(i.__scatterload_copy)
    __scatterload_null                       0x1fff2e21   Thumb Code     2  handlers.o(i.__scatterload_null)
    __scatterload_zeroinit                   0x1fff2e23   Thumb Code    14  handlers.o(i.__scatterload_zeroinit)
    __wdt_init                               0x1fff2e31   Thumb Code    12  patch.o(i.__wdt_init)
    _efuse_chip_version_check                0x1fff2f4d   Thumb Code    26  phy_sec_ext.o(i._efuse_chip_version_check)
    _hard_fault                              0x1fff2f6d   Thumb Code   258  jump_table.o(i._hard_fault)
    _rom_efuse_version_init                  0x1fff31dd   Thumb Code    32  phy_sec_ext.o(i._rom_efuse_version_init)
    _rom_sec_boot_init                       0x1fff31fd   Thumb Code    22  phy_sec_ext.o(i._rom_sec_boot_init)
    all_data_update                          0x1fff32f7   Thumb Code     8  protocol.o(i.all_data_update)
    app_main                                 0x1fff334d   Thumb Code    20  gpio_main.o(i.app_main)
    byte_to_int                              0x1fff3391   Thumb Code    26  mcu_api.o(i.byte_to_int)
    clk_init                                 0x1fff3645   Thumb Code   108  patch.o(i.clk_init)
    config_RTC1                              0x1fff36c5   Thumb Code   144  patch.o(i.config_RTC1)
    crc16                                    0x1fff37a9   Thumb Code    34  crc16.o(i.crc16)
    crc32_cyc_cal                            0x1fff380d   Thumb Code    36  crc32.o(i.crc32_cyc_cal)
    data_handle                              0x1fff38c1   Thumb Code   544  system.o(i.data_handle)
    dht_driver_init                          0x1fff3b41   Thumb Code     6  dht11_driver.o(i.dht_driver_init)
    dp_download_handle                       0x1fff3c25   Thumb Code   214  protocol.o(i.dp_download_handle)
    efuse_init                               0x1fff3e85   Thumb Code    14  phy_sec_ext.o(i.efuse_init)
    enterSleepProcess1                       0x1fff3f55   Thumb Code    56  patch.o(i.enterSleepProcess1)
    finidv                                   0x1fff3f99   Thumb Code   126  phy_sec_ext.o(i.finidv)
    fs_erase_ucds_one_sector                 0x1fff4145   Thumb Code    12  fs.o(i.fs_erase_ucds_one_sector)
    fs_spif_read                             0x1fff45f1   Thumb Code    20  fs.o(i.fs_spif_read)
    fs_spif_write                            0x1fff4605   Thumb Code    24  fs.o(i.fs_spif_write)
    get_check_sum                            0x1fff461d   Thumb Code    28  system.o(i.get_check_sum)
    get_download_cmd_total                   0x1fff4665   Thumb Code     4  protocol.o(i.get_download_cmd_total)
    global_config_hclk_related               0x1fff4679   Thumb Code   140  patch.o(i.global_config_hclk_related)
    hal_GPIO_IRQHandler                      0x1fff470d   Thumb Code    24  gpio.o(i.hal_GPIO_IRQHandler)
    hal_UART0_IRQHandler                     0x1fff4729   Thumb Code    78  uart.o(i.hal_UART0_IRQHandler)
    hal_UART1_IRQHandler                     0x1fff477d   Thumb Code    78  uart.o(i.hal_UART1_IRQHandler)
    hal_cache_tag_flush                      0x1fff480d   Thumb Code    86  flash.o(i.hal_cache_tag_flush)
    hal_clk_gate_disable                     0x1fff4869   Thumb Code    80  clock.o(i.hal_clk_gate_disable)
    hal_clk_gate_enable                      0x1fff48b9   Thumb Code    80  clock.o(i.hal_clk_gate_enable)
    hal_clk_reset                            0x1fff4909   Thumb Code   216  clock.o(i.hal_clk_reset)
    hal_flash_erase_sector                   0x1fff49e1   Thumb Code   214  flash.o(i.hal_flash_erase_sector)
    hal_flash_read                           0x1fff4ac5   Thumb Code   198  flash.o(i.hal_flash_read)
    hal_flash_write_by_dma                   0x1fff4b99   Thumb Code   232  flash.o(i.hal_flash_write_by_dma)
    hal_fs_ctx                               0x1fff4c91   Thumb Code    10  fs.o(i.hal_fs_ctx)
    hal_fs_garbage_collect                   0x1fff4ca1   Thumb Code   396  fs.o(i.hal_fs_garbage_collect)
    hal_fs_get_free_size                     0x1fff4e31   Thumb Code   106  fs.o(i.hal_fs_get_free_size)
    hal_fs_get_garbage_size                  0x1fff4ea1   Thumb Code    56  fs.o(i.hal_fs_get_garbage_size)
    hal_fs_init                              0x1fff4edd   Thumb Code    58  fs.o(i.hal_fs_init)
    hal_fs_item_del                          0x1fff4f1d   Thumb Code    32  fs.o(i.hal_fs_item_del)
    hal_fs_item_find_id                      0x1fff4f41   Thumb Code    74  fs.o(i.hal_fs_item_find_id)
    hal_fs_item_read                         0x1fff4f91   Thumb Code   330  fs.o(i.hal_fs_item_read)
    hal_fs_item_set                          0x1fff50e1   Thumb Code   244  fs.o(i.hal_fs_item_set)
    hal_fs_item_write                        0x1fff51d9   Thumb Code   530  fs.o(i.hal_fs_item_write)
    hal_get_flash_info                       0x1fff53f5   Thumb Code    12  flash.o(i.hal_get_flash_info)
    hal_gpio_cfg_analog_io                   0x1fff5405   Thumb Code    76  gpio.o(i.hal_gpio_cfg_analog_io)
    hal_gpio_fast_write                      0x1fff5455   Thumb Code    44  gpio.o(i.hal_gpio_fast_write)
    hal_gpio_fmux                            0x1fff5485   Thumb Code    44  gpio.o(i.hal_gpio_fmux)
    hal_gpio_fmux_set                        0x1fff54b5   Thumb Code    84  gpio.o(i.hal_gpio_fmux_set)
    hal_gpio_init                            0x1fff550d   Thumb Code    84  gpio.o(i.hal_gpio_init)
    hal_gpio_pin2pin3_control                0x1fff5615   Thumb Code    42  gpio.o(i.hal_gpio_pin2pin3_control)
    hal_gpio_pin_init                        0x1fff5645   Thumb Code   128  gpio.o(i.hal_gpio_pin_init)
    hal_gpio_pull_set                        0x1fff56cd   Thumb Code   112  gpio.o(i.hal_gpio_pull_set)
    hal_gpio_read                            0x1fff5745   Thumb Code    46  gpio.o(i.hal_gpio_read)
    hal_gpioin_disable                       0x1fff5779   Thumb Code    42  gpio.o(i.hal_gpioin_disable)
    hal_pwrmgr_LowCurrentLdo_enable          0x1fff5961   Thumb Code    18  pwrmgr.o(i.hal_pwrmgr_LowCurrentLdo_enable)
    hal_pwrmgr_RAM_retention                 0x1fff5979   Thumb Code    48  pwrmgr.o(i.hal_pwrmgr_RAM_retention)
    hal_pwrmgr_RAM_retention_clr             0x1fff59ad   Thumb Code    18  pwrmgr.o(i.hal_pwrmgr_RAM_retention_clr)
    hal_pwrmgr_RAM_retention_set             0x1fff59c5   Thumb Code    28  pwrmgr.o(i.hal_pwrmgr_RAM_retention_set)
    hal_pwrmgr_init                          0x1fff59e9   Thumb Code    48  pwrmgr.o(i.hal_pwrmgr_init)
    hal_pwrmgr_lock                          0x1fff5a21   Thumb Code   100  pwrmgr.o(i.hal_pwrmgr_lock)
    hal_pwrmgr_register                      0x1fff5a8d   Thumb Code   108  pwrmgr.o(i.hal_pwrmgr_register)
    hal_pwrmgr_sleep_process                 0x1fff5b01   Thumb Code     4  pwrmgr.o(i.hal_pwrmgr_sleep_process)
    hal_pwrmgr_unlock                        0x1fff5b05   Thumb Code   122  pwrmgr.o(i.hal_pwrmgr_unlock)
    hal_pwrmgr_unregister                    0x1fff5b89   Thumb Code   124  pwrmgr.o(i.hal_pwrmgr_unregister)
    hal_pwrmgr_wakeup_process                0x1fff5c0d   Thumb Code     4  pwrmgr.o(i.hal_pwrmgr_wakeup_process)
    hal_rc32k_clk_tracking_init              0x1fff5c11   Thumb Code    24  clock.o(i.hal_rc32k_clk_tracking_init)
    hal_rom_boot_init                        0x1fff5ca9   Thumb Code     8  patch.o(i.hal_rom_boot_init)
    hal_rtc_clock_config                     0x1fff5cb1   Thumb Code   156  clock.o(i.hal_rtc_clock_config)
    hal_spif_cache_init                      0x1fff5d59   Thumb Code    30  flash.o(i.hal_spif_cache_init)
    hal_system_clock_change_process          0x1fff5d81   Thumb Code    12  patch.o(i.hal_system_clock_change_process)
    hal_system_soft_reset                    0x1fff5d91   Thumb Code    36  clock.o(i.hal_system_soft_reset)
    hal_uart_deinit                          0x1fff5dbd   Thumb Code    52  uart.o(i.hal_uart_deinit)
    hal_uart_init                            0x1fff5df5   Thumb Code   102  uart.o(i.hal_uart_init)
    hal_uart_send_buff                       0x1fff5e69   Thumb Code    44  uart.o(i.hal_uart_send_buff)
    hal_uart_send_byte                       0x1fff5e99   Thumb Code    84  uart.o(i.hal_uart_send_byte)
    hal_watchdog_feed                        0x1fff5ef9   Thumb Code    12  watchdog.o(i.hal_watchdog_feed)
    isTimer5Running                          0x1fff5fe1   Thumb Code    12  patch.o(i.isTimer5Running)
    key_driver_init                          0x1fff5ff1   Thumb Code    26  key_driver.o(i.key_driver_init)
    key_pro                                  0x1fff6011   Thumb Code    92  key_driver.o(i.key_pro)
    l2capPocessFragmentTxData                0x1fff6079   Thumb Code     2  patch.o(i.l2capPocessFragmentTxData)
    led_dirver_init                          0x1fff607d   Thumb Code    34  led_driver.o(i.led_dirver_init)
    led_hal_set_state                        0x1fff60a5   Thumb Code    14  led_driver.o(i.led_hal_set_state)
    led_pro                                  0x1fff60b5   Thumb Code   148  led_driver.o(i.led_pro)
    led_set_enable                           0x1fff615d   Thumb Code     6  led_driver.o(i.led_set_enable)
    led_set_status                           0x1fff6169   Thumb Code    20  led_driver.o(i.led_set_status)
    lib_efuse_load                           0x1fff6185   Thumb Code   168  lib_efuse3.o(i.lib_efuse_load)
    llProcessTxData1                         0x1fff623d   Thumb Code    80  patch.o(i.llProcessTxData1)
    llReleaseConnId1                         0x1fff6291   Thumb Code   192  patch.o(i.llReleaseConnId1)
    llSlaveEvt_TaskEndOk1                    0x1fff6351   Thumb Code    46  patch.o(i.llSlaveEvt_TaskEndOk1)
    llWriteTxData1                           0x1fff6389   Thumb Code   162  patch.o(i.llWriteTxData1)
    ll_generateTxBuffer1                     0x1fff648d   Thumb Code   614  patch.o(i.ll_generateTxBuffer1)
    ll_hw_go1                                0x1fff6709   Thumb Code   628  patch.o(i.ll_hw_go1)
    ll_hw_read_tfifo_rtlp1                   0x1fff69e5   Thumb Code   198  patch.o(i.ll_hw_read_tfifo_rtlp1)
    ll_osal_mem_alloc                        0x1fff6ac1   Thumb Code   122  patch.o(i.ll_osal_mem_alloc)
    ll_osal_mem_free                         0x1fff6b55   Thumb Code    74  patch.o(i.ll_osal_mem_free)
    ll_patch_restore                         0x1fff6ba5   Thumb Code    72  patch.o(i.ll_patch_restore)
    ll_processBasicIRQ_SRX                   0x1fff6bf9   Thumb Code    20  patch.o(i.ll_processBasicIRQ_SRX)
    ll_processBasicIRQ_ScanTRX               0x1fff6c11   Thumb Code    20  patch.o(i.ll_processBasicIRQ_ScanTRX)
    ll_processBasicIRQ_secScanTRX            0x1fff6c29   Thumb Code    20  patch.o(i.ll_processBasicIRQ_secScanTRX)
    ll_processBasicIRQ_secondaryAdvSTX       0x1fff6c41   Thumb Code    20  patch.o(i.ll_processBasicIRQ_secondaryAdvSTX)
    ll_processBasicIRQ_secondaryAdvTRX       0x1fff6c59   Thumb Code    20  patch.o(i.ll_processBasicIRQ_secondaryAdvTRX)
    ll_processBasicIRQ_secondaryInitSRX      0x1fff6c71   Thumb Code    20  patch.o(i.ll_processBasicIRQ_secondaryInitSRX)
    ll_processBasicIRQ_secondaryScanSRX      0x1fff6c89   Thumb Code    20  patch.o(i.ll_processBasicIRQ_secondaryScanSRX)
    ll_read_rxfifo1                          0x1fff6ca1   Thumb Code    44  patch.o(i.ll_read_rxfifo1)
    llbuf_alloc_time_statics                 0x1fff6cdd   Thumb Code    62  patch.o(i.llbuf_alloc_time_statics)
    main                                     0x1fff6d25   Thumb Code    38  main.o(i.main)
    mcu_dp_bool_update                       0x1fff6d55   Thumb Code    98  mcu_api.o(i.mcu_dp_bool_update)
    mcu_dp_value_update                      0x1fff6dbd   Thumb Code   116  mcu_api.o(i.mcu_dp_value_update)
    mcu_firm_update_handle                   0x1fff6e35   Thumb Code    32  protocol.o(i.mcu_firm_update_handle)
    mcu_get_dp_download_bool                 0x1fff6e55   Thumb Code     6  mcu_api.o(i.mcu_get_dp_download_bool)
    mcu_get_dp_download_value                0x1fff6e5b   Thumb Code    14  mcu_api.o(i.mcu_get_dp_download_value)
    mcu_get_system_time                      0x1fff6e69   Thumb Code    14  mcu_api.o(i.mcu_get_system_time)
    mcu_get_wifi_work_state                  0x1fff6e79   Thumb Code     6  mcu_api.o(i.mcu_get_wifi_work_state)
    mcu_reset_wifi                           0x1fff6e85   Thumb Code    20  mcu_api.o(i.mcu_reset_wifi)
    mcu_set_wifi_mode                        0x1fff6e9d   Thumb Code    34  mcu_api.o(i.mcu_set_wifi_mode)
    mcu_write_rtctime                        0x1fff6ec5   Thumb Code    18  protocol.o(i.mcu_write_rtctime)
    my_memcpy                                0x1fff6ed7   Thumb Code    76  mcu_api.o(i.my_memcpy)
    my_strlen                                0x1fff6f23   Thumb Code    28  mcu_api.o(i.my_strlen)
    osalInitTasks                            0x1fff6f41   Thumb Code    42  osal_gpio.o(i.osalInitTasks)
    osal_idle_task0                          0x1fff6f71   Thumb Code    20  patch.o(i.osal_idle_task0)
    osal_search_active_task                  0x1fff6f89   Thumb Code    52  patch.o(i.osal_search_active_task)
    osal_snv_read                            0x1fff6fc1   Thumb Code    34  osal_snv.o(i.osal_snv_read)
    osal_snv_write                           0x1fff6fe3   Thumb Code    84  osal_snv.o(i.osal_snv_write)
    ota_flash_finsh                          0x1fff7039   Thumb Code   154  ota_flash_port.o(i.ota_flash_finsh)
    ota_flash_init                           0x1fff70e5   Thumb Code    38  ota_flash_port.o(i.ota_flash_init)
    ota_flash_reboot                         0x1fff7115   Thumb Code     8  ota_flash_port.o(i.ota_flash_reboot)
    ota_flash_reg_event_cb                   0x1fff711d   Thumb Code     6  ota_flash_port.o(i.ota_flash_reg_event_cb)
    ota_flash_write                          0x1fff7129   Thumb Code   158  ota_flash_port.o(i.ota_flash_write)
    patch_linkBuf_init                       0x1fff71d5   Thumb Code   142  patch.o(i.patch_linkBuf_init)
    pzem_analysis_all_data                   0x1fff734d   Thumb Code   296  pzem_004_driver.o(i.pzem_analysis_all_data)
    pzem_analysis_clean_all_data             0x1fff7475   Thumb Code   110  pzem_004_driver.o(i.pzem_analysis_clean_all_data)
    pzem_clean_all_data_async                0x1fff74e3   Thumb Code    62  pzem_004_driver.o(i.pzem_clean_all_data_async)
    pzem_get_all_data_async                  0x1fff7521   Thumb Code    36  pzem_004_driver.o(i.pzem_get_all_data_async)
    rc32k_calibration                        0x1fff7545   Thumb Code   122  rf_phy_driver.o(i.rc32k_calibration)
    rc32k_cap_cal                            0x1fff75c5   Thumb Code    74  patch.o(i.rc32k_cap_cal)
    rf_calibrate1                            0x1fff7629   Thumb Code    12  rf_phy_driver.o(i.rf_calibrate1)
    rf_phy_ana_cfg                           0x1fff7635   Thumb Code   232  rf_phy_driver.o(i.rf_phy_ana_cfg)
    rf_phy_bb_cfg                            0x1fff7751   Thumb Code   310  rf_phy_driver.o(i.rf_phy_bb_cfg)
    rf_phy_change_cfg0                       0x1fff78fd   Thumb Code   138  rf_phy_driver.o(i.rf_phy_change_cfg0)
    rf_phy_ini                               0x1fff79a5   Thumb Code    42  rf_phy_driver.o(i.rf_phy_ini)
    rf_phy_set_txPower                       0x1fff79e1   Thumb Code   108  rf_phy_driver.o(i.rf_phy_set_txPower)
    rf_tpCal_gen_cap_arrary                  0x1fff7a55   Thumb Code    60  rf_phy_driver.o(i.rf_tpCal_gen_cap_arrary)
    rf_tp_cal                                0x1fff7aa1   Thumb Code   236  rf_phy_driver.o(i.rf_tp_cal)
    set_wifi_uart_buffer                     0x1fff7c19   Thumb Code    30  system.o(i.set_wifi_uart_buffer)
    set_wifi_uart_byte                       0x1fff7c3d   Thumb Code    12  system.o(i.set_wifi_uart_byte)
    take_byte_rxbuff                         0x1fff7c4d   Thumb Code    46  system.o(i.take_byte_rxbuff)
    ty_all_data_updata                       0x1fff7dfd   Thumb Code   198  ty_app.o(i.ty_all_data_updata)
    ty_app_init                              0x1fff7ec9   Thumb Code   270  ty_app.o(i.ty_app_init)
    ty_app_pro_event                         0x1fff7ff9   Thumb Code   922  ty_app.o(i.ty_app_pro_event)
    ty_clean_all_data                        0x1fff83c1   Thumb Code    36  ty_app.o(i.ty_clean_all_data)
    ty_set_humi_warn_value                   0x1fff8a01   Thumb Code    64  ty_app.o(i.ty_set_humi_warn_value)
    ty_set_rtc_time                          0x1fff8a45   Thumb Code    72  ty_app.o(i.ty_set_rtc_time)
    ty_set_temp_humi_warn_switch             0x1fff8a95   Thumb Code    54  ty_app.o(i.ty_set_temp_humi_warn_switch)
    ty_set_temp_warn_value                   0x1fff8ad1   Thumb Code    64  ty_app.o(i.ty_set_temp_warn_value)
    ty_set_warn_switch                       0x1fff8b15   Thumb Code    54  ty_app.o(i.ty_set_warn_switch)
    ty_set_warn_value                        0x1fff8b51   Thumb Code    66  ty_app.o(i.ty_set_warn_value)
    ty_uart_send_byte                        0x1fff8c6d   Thumb Code    14  ty_app.o(i.ty_uart_send_byte)
    uart_receive_buff_input                  0x1fff9005   Thumb Code    28  mcu_api.o(i.uart_receive_buff_input)
    uart_receive_input                       0x1fff9021   Thumb Code    76  mcu_api.o(i.uart_receive_input)
    uart_transmit_output                     0x1fff9081   Thumb Code    12  protocol.o(i.uart_transmit_output)
    upgrade_package_choose                   0x1fff90a1   Thumb Code    32  protocol.o(i.upgrade_package_choose)
    wakeupProcess1                           0x1fff90c1   Thumb Code   444  patch.o(i.wakeupProcess1)
    wakeup_init1                             0x1fff92d5   Thumb Code   294  patch.o(i.wakeup_init1)
    watchdog_config                          0x1fff9431   Thumb Code    30  watchdog.o(i.watchdog_config)
    wifi_protocol_init                       0x1fff945d   Thumb Code    24  mcu_api.o(i.wifi_protocol_init)
    wifi_uart_service                        0x1fff9489   Thumb Code   238  mcu_api.o(i.wifi_uart_service)
    wifi_uart_write_frame                    0x1fff95ad   Thumb Code    64  system.o(i.wifi_uart_write_frame)
    with_data_rxbuff                         0x1fff95f1   Thumb Code    20  system.o(i.with_data_rxbuff)
    c_gpio_index                             0x1fff9660   Data          23  gpio.o(.constdata)
    c_gpio_pull                              0x1fff9677   Data          69  gpio.o(.constdata)
    retention_reg                            0x1fff96bc   Data          46  gpio.o(.constdata)
    download_cmd                             0x1fff9904   Data          68  protocol.o(.constdata)
    Region$$Table$$Base                      0x1fff9d70   Number         0  anon$$obj.o(Region$$Table)
    Region$$Table$$Limit                     0x1fff9dc0   Number         0  anon$$obj.o(Region$$Table)
    tasksArr                                 0x1fff9dc0   Data           8  osal_gpio.o(_section_sram_code_)
    tasksCnt                                 0x1fff9dc8   Data           1  osal_gpio.o(_section_sram_code_)
    g_clk32K_config                          0x1fff9dcc   Data           1  main.o(.data)
    g_spif_clk_config                        0x1fff9dcd   Data           1  main.o(.data)
    trap_c_callback                          0x1fff9dd0   Data           4  jump_table.o(.data)
    tasksEvents                              0x1fff9dd4   Data           4  osal_gpio.o(.data)
    s_config_swClk1                          0x1fff9e94   Data           4  pwrmgr.o(.data)
    pwroff_register_number                   0x1fff9e98   Data           1  pwrmgr.o(.data)
    spif_dma_use                             0x1fff9ea0   Data           1  flash.o(.data)
    g_chipMAddr                              0x1fff9ea8   Data           7  flash.o(.data)
    g_wdt_cycle                              0x1fff9ebb   Data           1  watchdog.o(.data)
    rx_buf_in                                0x1fff9ec4   Data           4  system.o(.data)
    rx_buf_out                               0x1fff9ec8   Data           4  system.o(.data)
    stop_update_flag                         0x1fff9ecc   Data           1  system.o(.data)
    reset_wifi_flag                          0x1fff9ecd   Data           1  system.o(.data)
    set_wifimode_flag                        0x1fff9ece   Data           1  system.o(.data)
    wifi_work_state                          0x1fff9ecf   Data           1  system.o(.data)
    pg_fs                                    0x1fff9edc   Data           4  fs.o(.data)
    SystemCoreClock                          0x1fff9ee8   Data           4  system_armcm0.o(.data)
    ll_recv_scan_all_cnt                     0x1fff9eec   Data           1  patch.o(.data)
    g_ll_adv_scan_concurrent                 0x1fff9eed   Data           1  patch.o(.data)
    g_ll_sleep_timer5_recoverRequired        0x1fff9eee   Data           1  patch.o(.data)
    g_txdata_content                         0x1fff9eef   Data           1  patch.o(.data)
    g_recvphyupdate                          0x1fff9ef0   Data           1  patch.o(.data)
    g_msater_recv_phyrsp                     0x1fff9ef1   Data           1  patch.o(.data)
    g_system_clk_change                      0x1fff9ef2   Data           1  patch.o(.data)
    _clk_change_flg                          0x1fff9ef3   Data           1  patch.o(.data)
    chip_hw_version                          0x1fff9ef5   Data           1  patch.o(.data)
    g_clock_check_flag                       0x1fff9ef6   Data           1  patch.o(.data)
    pGlobal_config                           0x1fff9ef8   Data           4  patch.o(.data)
    g_t_llhwgo                               0x1fff9efc   Data           4  patch.o(.data)
    ll_timer5_remain_time                    0x1fff9f00   Data           4  patch.o(.data)
    p_g_llDevList                            0x1fff9f04   Data           4  patch.o(.data)
    g_llbuf_alloc_Max                        0x1fff9f08   Data           4  patch.o(.data)
    g_llbuf_alloc_Min                        0x1fff9f0c   Data           4  patch.o(.data)
    g_llbuf_alloc_avg                        0x1fff9f10   Data           4  patch.o(.data)
    g_xtal16M_tmp                            0x1fff9f14   Data           4  patch.o(.data)
    g_xtal96M_temp                           0x1fff9f18   Data           4  patch.o(.data)
    DLL_enable_num                           0x1fff9f1c   Data           4  patch.o(.data)
    tracking_cnt                             0x1fff9f20   Data           4  patch.o(.data)
    ff1_llLink                               0x1fff9f24   Data           4  patch.o(.data)
    theHeap_llLink                           0x1fff9f28   Data           4  patch.o(.data)
    heapSize_llLink                          0x1fff9f2c   Data           4  patch.o(.data)
    ff1_mesh                                 0x1fff9f30   Data           4  patch.o(.data)
    theHeap_mesh                             0x1fff9f34   Data           4  patch.o(.data)
    heapSize_mesh                            0x1fff9f38   Data           4  patch.o(.data)
    sleep_total                              0x1fff9f3c   Data           4  patch.o(.data)
    restore_index                            0x1fff9f45   Data          16  patch.o(.data)
    g_ota_sec_key_valid                      0x1fff9f55   Data           1  phy_sec_ext.o(.data)
    g_pConnectionBuffer                      0x1fff9f60   Data        1876  main.o(.bss)
    pConnContext                             0x1fffa6b4   Data         644  main.o(.bss)
    g_largeHeap                              0x1fffa938   Data        4096  main.o(.bss)
    m_uartCtx                                0x1fffbc68   Data          64  uart.o(.bss)
    s_pwroff_cfg                             0x1fffbd20   Data          12  pwrmgr.o(.bss)
    wifi_data_process_buf                    0x1fffbd2c   Data        2055  system.o(.bss)
    wifi_uart_rx_buf                         0x1fffc533   Data        1031  system.o(.bss)
    wifi_uart_tx_buf                         0x1fffc93a   Data         135  system.o(.bss)
    restore_patch                            0x1fffcad4   Data          64  patch.o(.bss)
    g_tx_scanreq_buf                         0x1fffcb14   Data         268  patch.o(.bss)
    g_ll_flowCtrl                            0x1fffcc20   Data          32  patch.o(.bss)
    llBuf_Res                                0x1fffcc40   Data         448  patch.o(.bss)
    g_ota_sec_key                            0x1fffce60   Data          16  phy_sec_ext.o(.bss)
    __initial_sp                             0x1fffd270   Data           0  startup_armcm0.o(STACK)



==============================================================================

Memory Map of the image

  Image Entry point : 0x1fff18f9

  Load Region LR_IROM1 (Base: 0x1fff1838, Size: 0x00008728, Max: 0x0000e7c8, ABSOLUTE, COMPRESSED[0x000085fc])

    Execution Region ER_IROM1 (Exec base: 0x1fff1838, Load base: 0x1fff1838, Size: 0x0000ba38, Max: 0x0000e7c8, ABSOLUTE, COMPRESSED[0x00000068])

    Exec Addr    Load Addr    Size         Type   Attr      Idx    E Section Name        Object

    0x1fff1838   0x1fff1838   0x000000c0   Data   RO         2206    RESET               startup_armcm0.o
    0x1fff18f8   0x1fff18f8   0x00000000   Code   RO         2750  * .ARM.Collect$$$$00000000  mc_p.l(entry.o)
    0x1fff18f8   0x1fff18f8   0x00000004   Code   RO         2753    .ARM.Collect$$$$00000001  mc_p.l(entry2.o)
    0x1fff18fc   0x1fff18fc   0x00000004   Code   RO         2756    .ARM.Collect$$$$00000004  mc_p.l(entry5.o)
    0x1fff1900   0x1fff1900   0x00000000   Code   RO         2758    .ARM.Collect$$$$00000008  mc_p.l(entry7b.o)
    0x1fff1900   0x1fff1900   0x00000000   Code   RO         2760    .ARM.Collect$$$$0000000A  mc_p.l(entry8b.o)
    0x1fff1900   0x1fff1900   0x00000008   Code   RO         2761    .ARM.Collect$$$$0000000B  mc_p.l(entry9a.o)
    0x1fff1908   0x1fff1908   0x00000004   Code   RO         2768    .ARM.Collect$$$$0000000E  mc_p.l(entry12b.o)
    0x1fff190c   0x1fff190c   0x00000000   Code   RO         2763    .ARM.Collect$$$$0000000F  mc_p.l(entry10a.o)
    0x1fff190c   0x1fff190c   0x00000000   Code   RO         2765    .ARM.Collect$$$$00000011  mc_p.l(entry11a.o)
    0x1fff190c   0x1fff190c   0x00000004   Code   RO         2754    .ARM.Collect$$$$00002712  mc_p.l(entry2.o)
    0x1fff1910   0x1fff1910   0x00000038   Code   RO          185    .emb_text           jump_table.o
    0x1fff1948   0x1fff1948   0x0000001c   Code   RO         2207    .text               startup_armcm0.o
    0x1fff1964   0x1fff1964   0x00000024   Code   RO         2769    .text               mc_p.l(init.o)
    0x1fff1988   0x1fff1988   0x00000056   Code   RO         2778    .text               mc_p.l(__dczerorl2.o)
    0x1fff19de   COMPRESSED   0x00000002   PAD
    0x1fff19e0   0x1fff19e0   0x0000000c   Ven    RO         2780    Veneer$$Code        anon$$obj.o
    0x1fff19ec   0x1fff19ec   0x0000000c   Ven    RO         2781    Veneer$$Code        anon$$obj.o
    0x1fff19f8   0x1fff19f8   0x0000000c   Ven    RO         2782    Veneer$$Code        anon$$obj.o
    0x1fff1a04   0x1fff1a04   0x0000000c   Ven    RO         2783    Veneer$$Code        anon$$obj.o
    0x1fff1a10   0x1fff1a10   0x0000000c   Ven    RO         2784    Veneer$$Code        anon$$obj.o
    0x1fff1a1c   0x1fff1a1c   0x0000000c   Ven    RO         2785    Veneer$$Code        anon$$obj.o
    0x1fff1a28   0x1fff1a28   0x0000000c   Ven    RO         2786    Veneer$$Code        anon$$obj.o
    0x1fff1a34   0x1fff1a34   0x0000000c   Ven    RO         2787    Veneer$$Code        anon$$obj.o
    0x1fff1a40   0x1fff1a40   0x0000000c   Ven    RO         2788    Veneer$$Code        anon$$obj.o
    0x1fff1a4c   0x1fff1a4c   0x0000000c   Ven    RO         2789    Veneer$$Code        anon$$obj.o
    0x1fff1a58   0x1fff1a58   0x0000000c   Ven    RO         2790    Veneer$$Code        anon$$obj.o
    0x1fff1a64   0x1fff1a64   0x0000000c   Ven    RO         2791    Veneer$$Code        anon$$obj.o
    0x1fff1a70   0x1fff1a70   0x0000000c   Ven    RO         2792    Veneer$$Code        anon$$obj.o
    0x1fff1a7c   0x1fff1a7c   0x0000000c   Ven    RO         2793    Veneer$$Code        anon$$obj.o
    0x1fff1a88   0x1fff1a88   0x0000000c   Ven    RO         2794    Veneer$$Code        anon$$obj.o
    0x1fff1a94   0x1fff1a94   0x0000000c   Ven    RO         2795    Veneer$$Code        anon$$obj.o
    0x1fff1aa0   0x1fff1aa0   0x0000000c   Ven    RO         2796    Veneer$$Code        anon$$obj.o
    0x1fff1aac   0x1fff1aac   0x0000000c   Ven    RO         2797    Veneer$$Code        anon$$obj.o
    0x1fff1ab8   0x1fff1ab8   0x0000000c   Ven    RO         2798    Veneer$$Code        anon$$obj.o
    0x1fff1ac4   0x1fff1ac4   0x0000000c   Ven    RO         2799    Veneer$$Code        anon$$obj.o
    0x1fff1ad0   0x1fff1ad0   0x0000000c   Ven    RO         2800    Veneer$$Code        anon$$obj.o
    0x1fff1adc   0x1fff1adc   0x0000000c   Ven    RO         2801    Veneer$$Code        anon$$obj.o
    0x1fff1ae8   0x1fff1ae8   0x0000000c   Ven    RO         2802    Veneer$$Code        anon$$obj.o
    0x1fff1af4   0x1fff1af4   0x0000000c   Ven    RO         2803    Veneer$$Code        anon$$obj.o
    0x1fff1b00   0x1fff1b00   0x0000000c   Ven    RO         2804    Veneer$$Code        anon$$obj.o
    0x1fff1b0c   0x1fff1b0c   0x0000000c   Ven    RO         2805    Veneer$$Code        anon$$obj.o
    0x1fff1b18   0x1fff1b18   0x0000000c   Ven    RO         2806    Veneer$$Code        anon$$obj.o
    0x1fff1b24   0x1fff1b24   0x0000000c   Ven    RO         2807    Veneer$$Code        anon$$obj.o
    0x1fff1b30   0x1fff1b30   0x0000000c   Ven    RO         2808    Veneer$$Code        anon$$obj.o
    0x1fff1b3c   0x1fff1b3c   0x0000000c   Ven    RO         2809    Veneer$$Code        anon$$obj.o
    0x1fff1b48   0x1fff1b48   0x0000000c   Ven    RO         2810    Veneer$$Code        anon$$obj.o
    0x1fff1b54   0x1fff1b54   0x0000000c   Ven    RO         2811    Veneer$$Code        anon$$obj.o
    0x1fff1b60   0x1fff1b60   0x0000000c   Ven    RO         2812    Veneer$$Code        anon$$obj.o
    0x1fff1b6c   0x1fff1b6c   0x0000000c   Ven    RO         2813    Veneer$$Code        anon$$obj.o
    0x1fff1b78   0x1fff1b78   0x0000000c   Ven    RO         2814    Veneer$$Code        anon$$obj.o
    0x1fff1b84   0x1fff1b84   0x0000000c   Ven    RO         2815    Veneer$$Code        anon$$obj.o
    0x1fff1b90   0x1fff1b90   0x0000000c   Ven    RO         2816    Veneer$$Code        anon$$obj.o
    0x1fff1b9c   0x1fff1b9c   0x0000000c   Ven    RO         2817    Veneer$$Code        anon$$obj.o
    0x1fff1ba8   0x1fff1ba8   0x0000000c   Ven    RO         2818    Veneer$$Code        anon$$obj.o
    0x1fff1bb4   0x1fff1bb4   0x0000000c   Ven    RO         2819    Veneer$$Code        anon$$obj.o
    0x1fff1bc0   0x1fff1bc0   0x0000000c   Ven    RO         2820    Veneer$$Code        anon$$obj.o
    0x1fff1bcc   0x1fff1bcc   0x0000000c   Ven    RO         2821    Veneer$$Code        anon$$obj.o
    0x1fff1bd8   0x1fff1bd8   0x0000000c   Ven    RO         2822    Veneer$$Code        anon$$obj.o
    0x1fff1be4   0x1fff1be4   0x0000000c   Ven    RO         2823    Veneer$$Code        anon$$obj.o
    0x1fff1bf0   0x1fff1bf0   0x0000000c   Ven    RO         2824    Veneer$$Code        anon$$obj.o
    0x1fff1bfc   0x1fff1bfc   0x0000000c   Ven    RO         2825    Veneer$$Code        anon$$obj.o
    0x1fff1c08   0x1fff1c08   0x0000000c   Ven    RO         2826    Veneer$$Code        anon$$obj.o
    0x1fff1c14   0x1fff1c14   0x0000000c   Ven    RO         2827    Veneer$$Code        anon$$obj.o
    0x1fff1c20   0x1fff1c20   0x0000000c   Ven    RO         2828    Veneer$$Code        anon$$obj.o
    0x1fff1c2c   0x1fff1c2c   0x0000000c   Ven    RO         2829    Veneer$$Code        anon$$obj.o
    0x1fff1c38   0x1fff1c38   0x0000000c   Ven    RO         2830    Veneer$$Code        anon$$obj.o
    0x1fff1c44   0x1fff1c44   0x0000000c   Ven    RO         2831    Veneer$$Code        anon$$obj.o
    0x1fff1c50   0x1fff1c50   0x0000000c   Ven    RO         2832    Veneer$$Code        anon$$obj.o
    0x1fff1c5c   0x1fff1c5c   0x0000000c   Ven    RO         2833    Veneer$$Code        anon$$obj.o
    0x1fff1c68   0x1fff1c68   0x0000000c   Ven    RO         2834    Veneer$$Code        anon$$obj.o
    0x1fff1c74   0x1fff1c74   0x0000000c   Ven    RO         2835    Veneer$$Code        anon$$obj.o
    0x1fff1c80   0x1fff1c80   0x0000000c   Ven    RO         2836    Veneer$$Code        anon$$obj.o
    0x1fff1c8c   0x1fff1c8c   0x0000000c   Ven    RO         2837    Veneer$$Code        anon$$obj.o
    0x1fff1c98   0x1fff1c98   0x0000000c   Ven    RO         2838    Veneer$$Code        anon$$obj.o
    0x1fff1ca4   0x1fff1ca4   0x0000000c   Ven    RO         2839    Veneer$$Code        anon$$obj.o
    0x1fff1cb0   0x1fff1cb0   0x0000000c   Ven    RO         2840    Veneer$$Code        anon$$obj.o
    0x1fff1cbc   0x1fff1cbc   0x0000000c   Ven    RO         2841    Veneer$$Code        anon$$obj.o
    0x1fff1cc8   0x1fff1cc8   0x0000000c   Ven    RO         2842    Veneer$$Code        anon$$obj.o
    0x1fff1cd4   0x1fff1cd4   0x0000000c   Ven    RO         2843    Veneer$$Code        anon$$obj.o
    0x1fff1ce0   0x1fff1ce0   0x0000000c   Ven    RO         2844    Veneer$$Code        anon$$obj.o
    0x1fff1cec   0x1fff1cec   0x0000000c   Ven    RO         2845    Veneer$$Code        anon$$obj.o
    0x1fff1cf8   0x1fff1cf8   0x0000000c   Ven    RO         2846    Veneer$$Code        anon$$obj.o
    0x1fff1d04   0x1fff1d04   0x0000000c   Ven    RO         2847    Veneer$$Code        anon$$obj.o
    0x1fff1d10   0x1fff1d10   0x0000000c   Ven    RO         2848    Veneer$$Code        anon$$obj.o
    0x1fff1d1c   0x1fff1d1c   0x0000000c   Ven    RO         2849    Veneer$$Code        anon$$obj.o
    0x1fff1d28   0x1fff1d28   0x0000000c   Ven    RO         2850    Veneer$$Code        anon$$obj.o
    0x1fff1d34   0x1fff1d34   0x0000000c   Ven    RO         2851    Veneer$$Code        anon$$obj.o
    0x1fff1d40   0x1fff1d40   0x0000000c   Ven    RO         2852    Veneer$$Code        anon$$obj.o
    0x1fff1d4c   0x1fff1d4c   0x0000000c   Ven    RO         2853    Veneer$$Code        anon$$obj.o
    0x1fff1d58   0x1fff1d58   0x0000000c   Ven    RO         2854    Veneer$$Code        anon$$obj.o
    0x1fff1d64   0x1fff1d64   0x0000000c   Ven    RO         2855    Veneer$$Code        anon$$obj.o
    0x1fff1d70   0x1fff1d70   0x0000000c   Ven    RO         2856    Veneer$$Code        anon$$obj.o
    0x1fff1d7c   0x1fff1d7c   0x0000000c   Ven    RO         2857    Veneer$$Code        anon$$obj.o
    0x1fff1d88   0x1fff1d88   0x0000000c   Ven    RO         2858    Veneer$$Code        anon$$obj.o
    0x1fff1d94   0x1fff1d94   0x0000000c   Ven    RO         2859    Veneer$$Code        anon$$obj.o
    0x1fff1da0   0x1fff1da0   0x0000000c   Ven    RO         2860    Veneer$$Code        anon$$obj.o
    0x1fff1dac   0x1fff1dac   0x0000000c   Ven    RO         2861    Veneer$$Code        anon$$obj.o
    0x1fff1db8   0x1fff1db8   0x0000000c   Ven    RO         2862    Veneer$$Code        anon$$obj.o
    0x1fff1dc4   0x1fff1dc4   0x0000000c   Ven    RO         2863    Veneer$$Code        anon$$obj.o
    0x1fff1dd0   0x1fff1dd0   0x0000000c   Ven    RO         2864    Veneer$$Code        anon$$obj.o
    0x1fff1ddc   0x1fff1ddc   0x0000000c   Ven    RO         2865    Veneer$$Code        anon$$obj.o
    0x1fff1de8   0x1fff1de8   0x0000000c   Ven    RO         2866    Veneer$$Code        anon$$obj.o
    0x1fff1df4   0x1fff1df4   0x0000000c   Ven    RO         2867    Veneer$$Code        anon$$obj.o
    0x1fff1e00   0x1fff1e00   0x0000000c   Ven    RO         2868    Veneer$$Code        anon$$obj.o
    0x1fff1e0c   0x1fff1e0c   0x0000000c   Ven    RO         2869    Veneer$$Code        anon$$obj.o
    0x1fff1e18   0x1fff1e18   0x0000000c   Ven    RO         2870    Veneer$$Code        anon$$obj.o
    0x1fff1e24   0x1fff1e24   0x0000000c   Ven    RO         2871    Veneer$$Code        anon$$obj.o
    0x1fff1e30   0x1fff1e30   0x0000000c   Ven    RO         2872    Veneer$$Code        anon$$obj.o
    0x1fff1e3c   0x1fff1e3c   0x0000000c   Ven    RO         2873    Veneer$$Code        anon$$obj.o
    0x1fff1e48   0x1fff1e48   0x0000000c   Ven    RO         2874    Veneer$$Code        anon$$obj.o
    0x1fff1e54   0x1fff1e54   0x0000000c   Ven    RO         2875    Veneer$$Code        anon$$obj.o
    0x1fff1e60   0x1fff1e60   0x0000000c   Ven    RO         2876    Veneer$$Code        anon$$obj.o
    0x1fff1e6c   0x1fff1e6c   0x0000000c   Ven    RO         2877    Veneer$$Code        anon$$obj.o
    0x1fff1e78   0x1fff1e78   0x0000000c   Ven    RO         2878    Veneer$$Code        anon$$obj.o
    0x1fff1e84   0x1fff1e84   0x0000000c   Ven    RO         2879    Veneer$$Code        anon$$obj.o
    0x1fff1e90   0x1fff1e90   0x0000000c   Ven    RO         2880    Veneer$$Code        anon$$obj.o
    0x1fff1e9c   0x1fff1e9c   0x0000001c   Code   RO         2258    _func_xip_code_.LL_Disconnect1  rf.lib(patch.o)
    0x1fff1eb8   0x1fff1eb8   0x0000011c   Code   RO         2261    _func_xip_code_.LL_InitConnectContext  rf.lib(patch.o)
    0x1fff1fd4   0x1fff1fd4   0x00000030   Code   RO         2267    _func_xip_code_.LL_SetDataLengh1  rf.lib(patch.o)
    0x1fff2004   0x1fff2004   0x000000a4   Code   RO         2273    _func_xip_code_.LL_TxData1  rf.lib(patch.o)
    0x1fff20a8   0x1fff20a8   0x00000138   Code   RO          805    _section_sram_code_  uart.o
    0x1fff21e0   0x1fff21e0   0x0000003c   Code   RO          948    _section_sram_code_  pwrmgr.o
    0x1fff221c   0x1fff221c   0x00000048   Code   RO         1184    _section_sram_code_  flash.o
    0x1fff2264   0x1fff2264   0x000000fc   Code   RO         1391    _section_sram_code_  watchdog.o
    0x1fff2360   0x1fff2360   0x00000304   Code   RO         2295    _section_xip_code_  rf.lib(patch.o)
    0x1fff2664   0x1fff2664   0x0000001a   Code   RO         2297    i.LL_ENC_AES128_Encrypt1  rf.lib(patch.o)
    0x1fff267e   COMPRESSED   0x00000002   PAD
    0x1fff2680   0x1fff2680   0x00000178   Code   RO         2298    i.LL_ENC_Decrypt1   rf.lib(patch.o)
    0x1fff27f8   0x1fff27f8   0x00000160   Code   RO         2299    i.LL_ENC_Encrypt1   rf.lib(patch.o)
    0x1fff2958   0x1fff2958   0x000001bc   Code   RO         2300    i.LL_IRQHandler1    rf.lib(patch.o)
    0x1fff2b14   0x1fff2b14   0x00000054   Code   RO         2304    i.LL_ProcessEvent1  rf.lib(patch.o)
    0x1fff2b68   0x1fff2b68   0x00000018   Code   RO         2305    i.LL_Reset1         rf.lib(patch.o)
    0x1fff2b80   0x1fff2b80   0x00000048   Code   RO         2307    i.LL_set_default_conn_params1  rf.lib(patch.o)
    0x1fff2bc8   0x1fff2bc8   0x00000014   Code   RO         2310    i.NVIC_EnableIRQ    rf.lib(patch.o)
    0x1fff2bdc   0x1fff2bdc   0x00000010   Code   RO         2214    i.SystemInit        system_armcm0.o
    0x1fff2bec   0x1fff2bec   0x00000040   Code   RO         1082    i.WaitUs            clock.o
    0x1fff2c2c   0x1fff2c2c   0x00000078   Code   RO            3    i.__NVIC_SetPriority  main.o
    0x1fff2ca4   0x1fff2ca4   0x00000078   Code   RO          564    i.__NVIC_SetPriority  gpio.o
    0x1fff2d1c   0x1fff2d1c   0x00000078   Code   RO          806    i.__NVIC_SetPriority  uart.o
    0x1fff2d94   0x1fff2d94   0x00000078   Code   RO         1186    i.__NVIC_SetPriority  flash.o
    0x1fff2e0c   0x1fff2e0c   0x00000006   Code   RO         2590    i.__psr             rf.lib(patch.o)
    0x1fff2e12   0x1fff2e12   0x0000000e   Code   RO         2772    i.__scatterload_copy  mc_p.l(handlers.o)
    0x1fff2e20   0x1fff2e20   0x00000002   Code   RO         2773    i.__scatterload_null  mc_p.l(handlers.o)
    0x1fff2e22   0x1fff2e22   0x0000000e   Code   RO         2774    i.__scatterload_zeroinit  mc_p.l(handlers.o)
    0x1fff2e30   0x1fff2e30   0x00000010   Code   RO         2312    i.__wdt_init        rf.lib(patch.o)
    0x1fff2e40   0x1fff2e40   0x0000010c   Code   RO         2313    i._clk_apply_setting1  rf.lib(patch.o)
    0x1fff2f4c   0x1fff2f4c   0x00000020   Code   RO         2664    i._efuse_chip_version_check  rf.lib(phy_sec_ext.o)
    0x1fff2f6c   0x1fff2f6c   0x00000270   Code   RO          186    i._hard_fault       jump_table.o
    0x1fff31dc   0x1fff31dc   0x00000020   Code   RO         2665    i._rom_efuse_version_init  rf.lib(phy_sec_ext.o)
    0x1fff31fc   0x1fff31fc   0x0000001c   Code   RO         2666    i._rom_sec_boot_init  rf.lib(phy_sec_ext.o)
    0x1fff3218   0x1fff3218   0x000000ac   Code   RO         1187    i._spif_read_status_reg_x  flash.o
    0x1fff32c4   0x1fff32c4   0x00000032   Code   RO         1188    i._spif_wait_nobusy_x  flash.o
    0x1fff32f6   0x1fff32f6   0x00000008   Code   RO         1738    i.all_data_update   protocol.o
    0x1fff32fe   COMPRESSED   0x00000002   PAD
    0x1fff3300   0x1fff3300   0x0000004c   Code   RO         1083    i.aon_register_init  clock.o
    0x1fff334c   0x1fff334c   0x00000014   Code   RO          226    i.app_main          gpio_main.o
    0x1fff3360   0x1fff3360   0x00000030   Code   RO            4    i.ble_mem_init_config  main.o
    0x1fff3390   0x1fff3390   0x0000001a   Code   RO         1553    i.byte_to_int       mcu_api.o
    0x1fff33aa   COMPRESSED   0x00000002   PAD
    0x1fff33ac   0x1fff33ac   0x00000154   Code   RO         2314    i.check_16MXtal_by_rcTracking  rf.lib(patch.o)
    0x1fff3500   0x1fff3500   0x00000110   Code   RO         2315    i.check_96MXtal_by_rcTracking  rf.lib(patch.o)
    0x1fff3610   0x1fff3610   0x00000034   Code   RO         1940    i.check_addr        fs.o
    0x1fff3644   0x1fff3644   0x00000080   Code   RO         2317    i.clk_init          rf.lib(patch.o)
    0x1fff36c4   0x1fff36c4   0x000000b4   Code   RO         2318    i.config_RTC1       rf.lib(patch.o)
    0x1fff3778   0x1fff3778   0x00000030   Code   RO         1431    i.crc16             pzem_004_driver.o
    0x1fff37a8   0x1fff37a8   0x00000022   Code   RO         2115    i.crc16             crc16.o
    0x1fff37ca   COMPRESSED   0x00000002   PAD
    0x1fff37cc   0x1fff37cc   0x00000040   Code   RO         2116    i.crc16_byte        crc16.o
    0x1fff380c   0x1fff380c   0x00000028   Code   RO         2185    i.crc32_cyc_cal     crc32.o
    0x1fff3834   0x1fff3834   0x0000008c   Code   RO         2319    i.cusum_advance_slave_rx_window  rf.lib(patch.o)
    0x1fff38c0   0x1fff38c0   0x00000240   Code   RO         1852    i.data_handle       system.o
    0x1fff3b00   0x1fff3b00   0x00000040   Code   RO         1853    i.data_point_handle  system.o
    0x1fff3b40   0x1fff3b40   0x0000000c   Code   RO         1475    i.dht_driver_init   dht11_driver.o
    0x1fff3b4c   0x1fff3b4c   0x0000000a   Code   RO          280    i.dht_gpio_get      ty_app.o
    0x1fff3b56   0x1fff3b56   0x0000002c   Code   RO          281    i.dht_gpio_init     ty_app.o
    0x1fff3b82   0x1fff3b82   0x0000001c   Code   RO          282    i.dht_gpio_set      ty_app.o
    0x1fff3b9e   0x1fff3b9e   0x0000002e   Code   RO         1739    i.dp_download_first_data_clear_handle  protocol.o
    0x1fff3bcc   0x1fff3bcc   0x0000002c   Code   RO         1740    i.dp_download_first_warn_switch_handle  protocol.o
    0x1fff3bf8   0x1fff3bf8   0x0000002c   Code   RO         1741    i.dp_download_first_warn_value_set_handle  protocol.o
    0x1fff3c24   0x1fff3c24   0x000000d6   Code   RO         1742    i.dp_download_handle  protocol.o
    0x1fff3cfa   0x1fff3cfa   0x0000002a   Code   RO         1743    i.dp_download_humi_warn_value_set_handle  protocol.o
    0x1fff3d24   0x1fff3d24   0x0000002e   Code   RO         1744    i.dp_download_second_data_clear_handle  protocol.o
    0x1fff3d52   0x1fff3d52   0x0000002c   Code   RO         1745    i.dp_download_second_warn_switch_handle  protocol.o
    0x1fff3d7e   0x1fff3d7e   0x0000002c   Code   RO         1746    i.dp_download_second_warn_value_set_handle  protocol.o
    0x1fff3daa   0x1fff3daa   0x0000002a   Code   RO         1747    i.dp_download_temp_warn_switch_handle  protocol.o
    0x1fff3dd4   0x1fff3dd4   0x0000002a   Code   RO         1748    i.dp_download_temp_warn_value_set_handle  protocol.o
    0x1fff3dfe   0x1fff3dfe   0x0000002e   Code   RO         1749    i.dp_download_third_data_clear_handle  protocol.o
    0x1fff3e2c   0x1fff3e2c   0x0000002c   Code   RO         1750    i.dp_download_third_warn_switch_handle  protocol.o
    0x1fff3e58   0x1fff3e58   0x0000002c   Code   RO         1751    i.dp_download_third_warn_value_set_handle  protocol.o
    0x1fff3e84   0x1fff3e84   0x00000018   Code   RO         2667    i.efuse_init        rf.lib(phy_sec_ext.o)
    0x1fff3e9c   0x1fff3e9c   0x000000b8   Code   RO         2322    i.enlarge_rx_timeout_1st  rf.lib(patch.o)
    0x1fff3f54   0x1fff3f54   0x00000044   Code   RO         2323    i.enterSleepProcess1  rf.lib(patch.o)
    0x1fff3f98   0x1fff3f98   0x0000008c   Code   RO         2668    i.finidv            rf.lib(phy_sec_ext.o)
    0x1fff4024   0x1fff4024   0x00000028   Code   RO         1942    i.fs_addr_cache_init  fs.o
    0x1fff404c   0x1fff404c   0x00000054   Code   RO         1943    i.fs_addr_cache_search  fs.o
    0x1fff40a0   0x1fff40a0   0x00000088   Code   RO         1944    i.fs_addr_cache_sync  fs.o
    0x1fff4128   0x1fff4128   0x0000001c   Code   RO         1945    i.fs_check_psr      fs.o
    0x1fff4144   0x1fff4144   0x0000000c   Code   RO         1947    i.fs_erase_ucds_one_sector  fs.o
    0x1fff4150   0x1fff4150   0x00000044   Code   RO         1948    i.fs_get_free_item  fs.o
    0x1fff4194   0x1fff4194   0x000001d0   Code   RO         1949    i.fs_init           fs.o
    0x1fff4364   0x1fff4364   0x0000028c   Code   RO         1950    i.fs_search_items   fs.o
    0x1fff45f0   0x1fff45f0   0x00000014   Code   RO         1952    i.fs_spif_read      fs.o
    0x1fff4604   0x1fff4604   0x00000018   Code   RO         1953    i.fs_spif_write     fs.o
    0x1fff461c   0x1fff461c   0x0000001c   Code   RO         1854    i.get_check_sum     system.o
    0x1fff4638   0x1fff4638   0x0000002c   Code   RO         1855    i.get_dowmload_dpid_index  system.o
    0x1fff4664   0x1fff4664   0x00000004   Code   RO         1752    i.get_download_cmd_total  protocol.o
    0x1fff4668   0x1fff4668   0x00000010   Code   RO         1856    i.get_mcu_wifi_mode  system.o
    0x1fff4678   0x1fff4678   0x00000094   Code   RO         2326    i.global_config_hclk_related  rf.lib(patch.o)
    0x1fff470c   0x1fff470c   0x0000001c   Code   RO          565    i.hal_GPIO_IRQHandler  gpio.o
    0x1fff4728   0x1fff4728   0x00000054   Code   RO          807    i.hal_UART0_IRQHandler  uart.o
    0x1fff477c   0x1fff477c   0x00000054   Code   RO          808    i.hal_UART1_IRQHandler  uart.o
    0x1fff47d0   0x1fff47d0   0x0000003a   Code   RO         1191    i.hal_cache_init    flash.o
    0x1fff480a   COMPRESSED   0x00000002   PAD
    0x1fff480c   0x1fff480c   0x0000005c   Code   RO         1192    i.hal_cache_tag_flush  flash.o
    0x1fff4868   0x1fff4868   0x00000050   Code   RO         1084    i.hal_clk_gate_disable  clock.o
    0x1fff48b8   0x1fff48b8   0x00000050   Code   RO         1085    i.hal_clk_gate_enable  clock.o
    0x1fff4908   0x1fff4908   0x000000d8   Code   RO         1088    i.hal_clk_reset     clock.o
    0x1fff49e0   0x1fff49e0   0x000000e4   Code   RO         1195    i.hal_flash_erase_sector  flash.o
    0x1fff4ac4   0x1fff4ac4   0x000000d4   Code   RO         1196    i.hal_flash_read    flash.o
    0x1fff4b98   0x1fff4b98   0x000000f8   Code   RO         1198    i.hal_flash_write_by_dma  flash.o
    0x1fff4c90   0x1fff4c90   0x00000010   Code   RO         1954    i.hal_fs_ctx        fs.o
    0x1fff4ca0   0x1fff4ca0   0x00000190   Code   RO         1956    i.hal_fs_garbage_collect  fs.o
    0x1fff4e30   0x1fff4e30   0x00000070   Code   RO         1957    i.hal_fs_get_free_size  fs.o
    0x1fff4ea0   0x1fff4ea0   0x0000003c   Code   RO         1958    i.hal_fs_get_garbage_size  fs.o
    0x1fff4edc   0x1fff4edc   0x00000040   Code   RO         1959    i.hal_fs_init       fs.o
    0x1fff4f1c   0x1fff4f1c   0x00000024   Code   RO         1962    i.hal_fs_item_del   fs.o
    0x1fff4f40   0x1fff4f40   0x00000050   Code   RO         1963    i.hal_fs_item_find_id  fs.o
    0x1fff4f90   0x1fff4f90   0x00000150   Code   RO         1965    i.hal_fs_item_read  fs.o
    0x1fff50e0   0x1fff50e0   0x000000f8   Code   RO         1966    i.hal_fs_item_set   fs.o
    0x1fff51d8   0x1fff51d8   0x0000021c   Code   RO         1967    i.hal_fs_item_write  fs.o
    0x1fff53f4   0x1fff53f4   0x00000010   Code   RO         1199    i.hal_get_flash_info  flash.o
    0x1fff5404   0x1fff5404   0x00000050   Code   RO          566    i.hal_gpio_cfg_analog_io  gpio.o
    0x1fff5454   0x1fff5454   0x00000030   Code   RO          569    i.hal_gpio_fast_write  gpio.o
    0x1fff5484   0x1fff5484   0x00000030   Code   RO          570    i.hal_gpio_fmux     gpio.o
    0x1fff54b4   0x1fff54b4   0x00000058   Code   RO          571    i.hal_gpio_fmux_set  gpio.o
    0x1fff550c   0x1fff550c   0x00000064   Code   RO          572    i.hal_gpio_init     gpio.o
    0x1fff5570   0x1fff5570   0x00000048   Code   RO          573    i.hal_gpio_interrupt_disable  gpio.o
    0x1fff55b8   0x1fff55b8   0x0000005c   Code   RO          574    i.hal_gpio_interrupt_enable  gpio.o
    0x1fff5614   0x1fff5614   0x00000030   Code   RO          575    i.hal_gpio_pin2pin3_control  gpio.o
    0x1fff5644   0x1fff5644   0x00000088   Code   RO          576    i.hal_gpio_pin_init  gpio.o
    0x1fff56cc   0x1fff56cc   0x00000078   Code   RO          577    i.hal_gpio_pull_set  gpio.o
    0x1fff5744   0x1fff5744   0x00000034   Code   RO          578    i.hal_gpio_read     gpio.o
    0x1fff5778   0x1fff5778   0x00000030   Code   RO          582    i.hal_gpioin_disable  gpio.o
    0x1fff57a8   0x1fff57a8   0x00000098   Code   RO          584    i.hal_gpioin_event  gpio.o
    0x1fff5840   0x1fff5840   0x00000054   Code   RO          585    i.hal_gpioin_event_pin  gpio.o
    0x1fff5894   0x1fff5894   0x00000050   Code   RO            5    i.hal_init          main.o
    0x1fff58e4   0x1fff58e4   0x0000007c   Code   RO            6    i.hal_low_power_io_init  main.o
    0x1fff5960   0x1fff5960   0x00000018   Code   RO          953    i.hal_pwrmgr_LowCurrentLdo_enable  pwrmgr.o
    0x1fff5978   0x1fff5978   0x00000034   Code   RO          954    i.hal_pwrmgr_RAM_retention  pwrmgr.o
    0x1fff59ac   0x1fff59ac   0x00000018   Code   RO          955    i.hal_pwrmgr_RAM_retention_clr  pwrmgr.o
    0x1fff59c4   0x1fff59c4   0x00000024   Code   RO          956    i.hal_pwrmgr_RAM_retention_set  pwrmgr.o
    0x1fff59e8   0x1fff59e8   0x00000038   Code   RO          958    i.hal_pwrmgr_init   pwrmgr.o
    0x1fff5a20   0x1fff5a20   0x0000006c   Code   RO          960    i.hal_pwrmgr_lock   pwrmgr.o
    0x1fff5a8c   0x1fff5a8c   0x00000074   Code   RO          962    i.hal_pwrmgr_register  pwrmgr.o
    0x1fff5b00   0x1fff5b00   0x00000004   Code   RO          963    i.hal_pwrmgr_sleep_process  pwrmgr.o
    0x1fff5b04   0x1fff5b04   0x00000084   Code   RO          964    i.hal_pwrmgr_unlock  pwrmgr.o
    0x1fff5b88   0x1fff5b88   0x00000084   Code   RO          965    i.hal_pwrmgr_unregister  pwrmgr.o
    0x1fff5c0c   0x1fff5c0c   0x00000004   Code   RO          966    i.hal_pwrmgr_wakeup_process  pwrmgr.o
    0x1fff5c10   0x1fff5c10   0x00000028   Code   RO         1091    i.hal_rc32k_clk_tracking_init  clock.o
    0x1fff5c38   0x1fff5c38   0x00000070   Code   RO            7    i.hal_rfphy_init    main.o
    0x1fff5ca8   0x1fff5ca8   0x00000008   Code   RO         2327    i.hal_rom_boot_init  rf.lib(patch.o)
    0x1fff5cb0   0x1fff5cb0   0x000000a8   Code   RO         1092    i.hal_rtc_clock_config  clock.o
    0x1fff5d58   0x1fff5d58   0x00000028   Code   RO         1200    i.hal_spif_cache_init  flash.o
    0x1fff5d80   0x1fff5d80   0x00000010   Code   RO         2329    i.hal_system_clock_change_process  rf.lib(patch.o)
    0x1fff5d90   0x1fff5d90   0x0000002c   Code   RO         1093    i.hal_system_soft_reset  clock.o
    0x1fff5dbc   0x1fff5dbc   0x00000038   Code   RO          809    i.hal_uart_deinit   uart.o
    0x1fff5df4   0x1fff5df4   0x00000074   Code   RO          812    i.hal_uart_init     uart.o
    0x1fff5e68   0x1fff5e68   0x00000030   Code   RO          813    i.hal_uart_send_buff  uart.o
    0x1fff5e98   0x1fff5e98   0x00000060   Code   RO          814    i.hal_uart_send_byte  uart.o
    0x1fff5ef8   0x1fff5ef8   0x00000010   Code   RO         1393    i.hal_watchdog_feed  watchdog.o
    0x1fff5f08   0x1fff5f08   0x00000038   Code   RO         1857    i.heat_beat_check   system.o
    0x1fff5f40   0x1fff5f40   0x000000a0   Code   RO         1201    i.hw_spif_cache_config  flash.o
    0x1fff5fe0   0x1fff5fe0   0x00000010   Code   RO         2332    i.isTimer5Running   rf.lib(patch.o)
    0x1fff5ff0   0x1fff5ff0   0x00000020   Code   RO         1316    i.key_driver_init   key_driver.o
    0x1fff6010   0x1fff6010   0x00000068   Code   RO         1317    i.key_pro           key_driver.o
    0x1fff6078   0x1fff6078   0x00000002   Code   RO         2333    i.l2capPocessFragmentTxData  rf.lib(patch.o)
    0x1fff607a   COMPRESSED   0x00000002   PAD
    0x1fff607c   0x1fff607c   0x00000028   Code   RO         1344    i.led_dirver_init   led_driver.o
    0x1fff60a4   0x1fff60a4   0x0000000e   Code   RO         1345    i.led_hal_set_state  led_driver.o
    0x1fff60b2   COMPRESSED   0x00000002   PAD
    0x1fff60b4   0x1fff60b4   0x000000a8   Code   RO         1346    i.led_pro           led_driver.o
    0x1fff615c   0x1fff615c   0x0000000c   Code   RO         1347    i.led_set_enable    led_driver.o
    0x1fff6168   0x1fff6168   0x0000001c   Code   RO         1348    i.led_set_status    led_driver.o
    0x1fff6184   0x1fff6184   0x000000b8   Code   RO         2689    i.lib_efuse_load    rf.lib(lib_efuse3.o)
    0x1fff623c   0x1fff623c   0x00000054   Code   RO         2342    i.llProcessTxData1  rf.lib(patch.o)
    0x1fff6290   0x1fff6290   0x000000c0   Code   RO         2343    i.llReleaseConnId1  rf.lib(patch.o)
    0x1fff6350   0x1fff6350   0x00000038   Code   RO         2350    i.llSlaveEvt_TaskEndOk1  rf.lib(patch.o)
    0x1fff6388   0x1fff6388   0x000000a8   Code   RO         2351    i.llWriteTxData1    rf.lib(patch.o)
    0x1fff6430   0x1fff6430   0x0000005c   Code   RO         2356    i.ll_flow_ctrl_restore  rf.lib(patch.o)
    0x1fff648c   0x1fff648c   0x0000027c   Code   RO         2357    i.ll_generateTxBuffer1  rf.lib(patch.o)
    0x1fff6708   0x1fff6708   0x000002dc   Code   RO         2358    i.ll_hw_go1         rf.lib(patch.o)
    0x1fff69e4   0x1fff69e4   0x000000dc   Code   RO         2360    i.ll_hw_read_tfifo_rtlp1  rf.lib(patch.o)
    0x1fff6ac0   0x1fff6ac0   0x00000094   Code   RO         2362    i.ll_osal_mem_alloc  rf.lib(patch.o)
    0x1fff6b54   0x1fff6b54   0x00000050   Code   RO         2363    i.ll_osal_mem_free  rf.lib(patch.o)
    0x1fff6ba4   0x1fff6ba4   0x00000054   Code   RO         2373    i.ll_patch_restore  rf.lib(patch.o)
    0x1fff6bf8   0x1fff6bf8   0x00000018   Code   RO         2375    i.ll_processBasicIRQ_SRX  rf.lib(patch.o)
    0x1fff6c10   0x1fff6c10   0x00000018   Code   RO         2377    i.ll_processBasicIRQ_ScanTRX  rf.lib(patch.o)
    0x1fff6c28   0x1fff6c28   0x00000018   Code   RO         2379    i.ll_processBasicIRQ_secScanTRX  rf.lib(patch.o)
    0x1fff6c40   0x1fff6c40   0x00000018   Code   RO         2381    i.ll_processBasicIRQ_secondaryAdvSTX  rf.lib(patch.o)
    0x1fff6c58   0x1fff6c58   0x00000018   Code   RO         2383    i.ll_processBasicIRQ_secondaryAdvTRX  rf.lib(patch.o)
    0x1fff6c70   0x1fff6c70   0x00000018   Code   RO         2386    i.ll_processBasicIRQ_secondaryInitSRX  rf.lib(patch.o)
    0x1fff6c88   0x1fff6c88   0x00000018   Code   RO         2388    i.ll_processBasicIRQ_secondaryScanSRX  rf.lib(patch.o)
    0x1fff6ca0   0x1fff6ca0   0x0000003c   Code   RO         2391    i.ll_read_rxfifo1   rf.lib(patch.o)
    0x1fff6cdc   0x1fff6cdc   0x00000048   Code   RO         2396    i.llbuf_alloc_time_statics  rf.lib(patch.o)
    0x1fff6d24   0x1fff6d24   0x00000030   Code   RO            8    i.main              main.o
    0x1fff6d54   0x1fff6d54   0x00000068   Code   RO         1556    i.mcu_dp_bool_update  mcu_api.o
    0x1fff6dbc   0x1fff6dbc   0x00000078   Code   RO         1561    i.mcu_dp_value_update  mcu_api.o
    0x1fff6e34   0x1fff6e34   0x00000020   Code   RO         1753    i.mcu_firm_update_handle  protocol.o
    0x1fff6e54   0x1fff6e54   0x00000006   Code   RO         1562    i.mcu_get_dp_download_bool  mcu_api.o
    0x1fff6e5a   0x1fff6e5a   0x0000000e   Code   RO         1564    i.mcu_get_dp_download_value  mcu_api.o
    0x1fff6e68   0x1fff6e68   0x0000000e   Code   RO         1566    i.mcu_get_system_time  mcu_api.o
    0x1fff6e76   COMPRESSED   0x00000002   PAD
    0x1fff6e78   0x1fff6e78   0x0000000c   Code   RO         1567    i.mcu_get_wifi_work_state  mcu_api.o
    0x1fff6e84   0x1fff6e84   0x00000018   Code   RO         1569    i.mcu_reset_wifi    mcu_api.o
    0x1fff6e9c   0x1fff6e9c   0x00000028   Code   RO         1570    i.mcu_set_wifi_mode  mcu_api.o
    0x1fff6ec4   0x1fff6ec4   0x00000012   Code   RO         1754    i.mcu_write_rtctime  protocol.o
    0x1fff6ed6   0x1fff6ed6   0x0000004c   Code   RO         1571    i.my_memcpy         mcu_api.o
    0x1fff6f22   0x1fff6f22   0x0000001c   Code   RO         1575    i.my_strlen         mcu_api.o
    0x1fff6f3e   COMPRESSED   0x00000002   PAD
    0x1fff6f40   0x1fff6f40   0x00000030   Code   RO          250    i.osalInitTasks     osal_gpio.o
    0x1fff6f70   0x1fff6f70   0x00000018   Code   RO         2405    i.osal_idle_task0   rf.lib(patch.o)
    0x1fff6f88   0x1fff6f88   0x00000038   Code   RO         2409    i.osal_search_active_task  rf.lib(patch.o)
    0x1fff6fc0   0x1fff6fc0   0x00000022   Code   RO         1519    i.osal_snv_read     osal_snv.o
    0x1fff6fe2   0x1fff6fe2   0x00000054   Code   RO         1520    i.osal_snv_write    osal_snv.o
    0x1fff7036   COMPRESSED   0x00000002   PAD
    0x1fff7038   0x1fff7038   0x000000ac   Code   RO         2135    i.ota_flash_finsh   ota_flash_port.o
    0x1fff70e4   0x1fff70e4   0x00000030   Code   RO         2136    i.ota_flash_init    ota_flash_port.o
    0x1fff7114   0x1fff7114   0x00000008   Code   RO         2137    i.ota_flash_reboot  ota_flash_port.o
    0x1fff711c   0x1fff711c   0x0000000c   Code   RO         2138    i.ota_flash_reg_event_cb  ota_flash_port.o
    0x1fff7128   0x1fff7128   0x000000ac   Code   RO         2139    i.ota_flash_write   ota_flash_port.o
    0x1fff71d4   0x1fff71d4   0x00000098   Code   RO         2410    i.patch_linkBuf_init  rf.lib(patch.o)
    0x1fff726c   0x1fff726c   0x000000e0   Code   RO         1858    i.product_info_update  system.o
    0x1fff734c   0x1fff734c   0x00000128   Code   RO         1432    i.pzem_analysis_all_data  pzem_004_driver.o
    0x1fff7474   0x1fff7474   0x0000006e   Code   RO         1433    i.pzem_analysis_clean_all_data  pzem_004_driver.o
    0x1fff74e2   0x1fff74e2   0x0000003e   Code   RO         1434    i.pzem_clean_all_data_async  pzem_004_driver.o
    0x1fff7520   0x1fff7520   0x00000024   Code   RO         1435    i.pzem_get_all_data_async  pzem_004_driver.o
    0x1fff7544   0x1fff7544   0x00000080   Code   RO         2599    i.rc32k_calibration  rf.lib(rf_phy_driver.o)
    0x1fff75c4   0x1fff75c4   0x00000058   Code   RO         2411    i.rc32k_cap_cal     rf.lib(patch.o)
    0x1fff761c   0x1fff761c   0x0000000c   Code   RO         2413    i.read_TIM5_remainder_timer  rf.lib(patch.o)
    0x1fff7628   0x1fff7628   0x0000000c   Code   RO         2600    i.rf_calibrate1     rf.lib(rf_phy_driver.o)
    0x1fff7634   0x1fff7634   0x0000011c   Code   RO         2601    i.rf_phy_ana_cfg    rf.lib(rf_phy_driver.o)
    0x1fff7750   0x1fff7750   0x000001ac   Code   RO         2602    i.rf_phy_bb_cfg     rf.lib(rf_phy_driver.o)
    0x1fff78fc   0x1fff78fc   0x000000a8   Code   RO         2603    i.rf_phy_change_cfg0  rf.lib(rf_phy_driver.o)
    0x1fff79a4   0x1fff79a4   0x0000003c   Code   RO         2620    i.rf_phy_ini        rf.lib(rf_phy_driver.o)
    0x1fff79e0   0x1fff79e0   0x00000074   Code   RO         2621    i.rf_phy_set_txPower  rf.lib(rf_phy_driver.o)
    0x1fff7a54   0x1fff7a54   0x0000004c   Code   RO         2625    i.rf_tpCal_gen_cap_arrary  rf.lib(rf_phy_driver.o)
    0x1fff7aa0   0x1fff7aa0   0x0000011c   Code   RO         2626    i.rf_tp_cal         rf.lib(rf_phy_driver.o)
    0x1fff7bbc   0x1fff7bbc   0x0000005c   Code   RO         1436    i.send_cmd          pzem_004_driver.o
    0x1fff7c18   0x1fff7c18   0x00000024   Code   RO         1859    i.set_wifi_uart_buffer  system.o
    0x1fff7c3c   0x1fff7c3c   0x00000010   Code   RO         1860    i.set_wifi_uart_byte  system.o
    0x1fff7c4c   0x1fff7c4c   0x00000040   Code   RO         1861    i.take_byte_rxbuff  system.o
    0x1fff7c8c   0x1fff7c8c   0x00000090   Code   RO          817    i.txmit_buf_polling  uart.o
    0x1fff7d1c   0x1fff7d1c   0x000000e0   Code   RO          818    i.txmit_buf_use_tx_buf  uart.o
    0x1fff7dfc   0x1fff7dfc   0x000000cc   Code   RO          283    i.ty_all_data_updata  ty_app.o
    0x1fff7ec8   0x1fff7ec8   0x00000130   Code   RO          284    i.ty_app_init       ty_app.o
    0x1fff7ff8   0x1fff7ff8   0x000003c8   Code   RO          285    i.ty_app_pro_event  ty_app.o
    0x1fff83c0   0x1fff83c0   0x00000028   Code   RO          286    i.ty_clean_all_data  ty_app.o
    0x1fff83e8   0x1fff83e8   0x00000036   Code   RO          287    i.ty_day_energy_updata  ty_app.o
    0x1fff841e   0x1fff841e   0x0000000e   Code   RO          288    i.ty_day_three_energy_updata  ty_app.o
    0x1fff842c   0x1fff842c   0x00000002   Code   RO          289    i.ty_dht_humi_temp_updata  ty_app.o
    0x1fff842e   COMPRESSED   0x00000002   PAD
    0x1fff8430   0x1fff8430   0x0000001c   Code   RO          290    i.ty_key_event_cb   ty_app.o
    0x1fff844c   0x1fff844c   0x0000009c   Code   RO          291    i.ty_ota_flash_event  ty_app.o
    0x1fff84e8   0x1fff84e8   0x00000036   Code   RO          292    i.ty_power_warn_value_updata  ty_app.o
    0x1fff851e   COMPRESSED   0x00000002   PAD
    0x1fff8520   0x1fff8520   0x00000048   Code   RO          293    i.ty_pzem_change_uart  ty_app.o
    0x1fff8568   0x1fff8568   0x0000039c   Code   RO          294    i.ty_pzem_get_data_pro  ty_app.o
    0x1fff8904   0x1fff8904   0x00000016   Code   RO          295    i.ty_pzem_send_data  ty_app.o
    0x1fff891a   COMPRESSED   0x00000002   PAD
    0x1fff891c   0x1fff891c   0x00000038   Code   RO          296    i.ty_pzem_uart_event_handle  ty_app.o
    0x1fff8954   0x1fff8954   0x00000036   Code   RO          297    i.ty_real_power_updata  ty_app.o
    0x1fff898a   COMPRESSED   0x00000002   PAD
    0x1fff898c   0x1fff898c   0x00000024   Code   RO          298    i.ty_report_wara_push_interval_tick  ty_app.o
    0x1fff89b0   0x1fff89b0   0x00000014   Code   RO          299    i.ty_report_warn_push_reset  ty_app.o
    0x1fff89c4   0x1fff89c4   0x0000002c   Code   RO          300    i.ty_report_warn_push_set  ty_app.o
    0x1fff89f0   0x1fff89f0   0x0000000e   Code   RO          301    i.ty_reset_reason_updata  ty_app.o
    0x1fff89fe   COMPRESSED   0x00000002   PAD
    0x1fff8a00   0x1fff8a00   0x00000044   Code   RO          302    i.ty_set_humi_warn_value  ty_app.o
    0x1fff8a44   0x1fff8a44   0x00000050   Code   RO          303    i.ty_set_rtc_time   ty_app.o
    0x1fff8a94   0x1fff8a94   0x0000003c   Code   RO          304    i.ty_set_temp_humi_warn_switch  ty_app.o
    0x1fff8ad0   0x1fff8ad0   0x00000044   Code   RO          305    i.ty_set_temp_warn_value  ty_app.o
    0x1fff8b14   0x1fff8b14   0x0000003c   Code   RO          306    i.ty_set_warn_switch  ty_app.o
    0x1fff8b50   0x1fff8b50   0x00000048   Code   RO          307    i.ty_set_warn_value  ty_app.o
    0x1fff8b98   0x1fff8b98   0x00000018   Code   RO          308    i.ty_temp_humi_warn_value_updata  ty_app.o
    0x1fff8bb0   0x1fff8bb0   0x0000000e   Code   RO          309    i.ty_temp_warn_switch_updata  ty_app.o
    0x1fff8bbe   0x1fff8bbe   0x0000000e   Code   RO          310    i.ty_three_real_power_updata  ty_app.o
    0x1fff8bcc   0x1fff8bcc   0x00000036   Code   RO          311    i.ty_total_energy_updata  ty_app.o
    0x1fff8c02   0x1fff8c02   0x0000000e   Code   RO          312    i.ty_total_three_energy_updata  ty_app.o
    0x1fff8c10   0x1fff8c10   0x0000001c   Code   RO          313    i.ty_uart_event_handle  ty_app.o
    0x1fff8c2c   0x1fff8c2c   0x00000040   Code   RO          314    i.ty_uart_init      ty_app.o
    0x1fff8c6c   0x1fff8c6c   0x0000000e   Code   RO          315    i.ty_uart_send_byte  ty_app.o
    0x1fff8c7a   0x1fff8c7a   0x0000011c   Code   RO          316    i.ty_warn_push_updata  ty_app.o
    0x1fff8d96   0x1fff8d96   0x00000036   Code   RO          317    i.ty_warn_switch_updata  ty_app.o
    0x1fff8dcc   0x1fff8dcc   0x00000094   Code   RO          819    i.uart_hw_deinit    uart.o
    0x1fff8e60   0x1fff8e60   0x000001a4   Code   RO          820    i.uart_hw_init      uart.o
    0x1fff9004   0x1fff9004   0x0000001c   Code   RO         1576    i.uart_receive_buff_input  mcu_api.o
    0x1fff9020   0x1fff9020   0x00000060   Code   RO         1577    i.uart_receive_input  mcu_api.o
    0x1fff9080   0x1fff9080   0x0000000c   Code   RO         1755    i.uart_transmit_output  protocol.o
    0x1fff908c   0x1fff908c   0x0000000a   Code   RO          821    i.uart_wakeup_process_0  uart.o
    0x1fff9096   0x1fff9096   0x0000000a   Code   RO          822    i.uart_wakeup_process_1  uart.o
    0x1fff90a0   0x1fff90a0   0x00000020   Code   RO         1756    i.upgrade_package_choose  protocol.o
    0x1fff90c0   0x1fff90c0   0x00000214   Code   RO         2415    i.wakeupProcess1    rf.lib(patch.o)
    0x1fff92d4   0x1fff92d4   0x0000015c   Code   RO         2416    i.wakeup_init1      rf.lib(patch.o)
    0x1fff9430   0x1fff9430   0x0000002c   Code   RO         1394    i.watchdog_config   watchdog.o
    0x1fff945c   0x1fff945c   0x0000002c   Code   RO         1578    i.wifi_protocol_init  mcu_api.o
    0x1fff9488   0x1fff9488   0x000000fc   Code   RO         1579    i.wifi_uart_service  mcu_api.o
    0x1fff9584   0x1fff9584   0x00000028   Code   RO         1862    i.wifi_uart_write_data  system.o
    0x1fff95ac   0x1fff95ac   0x00000044   Code   RO         1863    i.wifi_uart_write_frame  system.o
    0x1fff95f0   0x1fff95f0   0x0000001c   Code   RO         1864    i.with_data_rxbuff  system.o
    0x1fff960c   0x1fff960c   0x00000034   Data   RO           10    .constdata          main.o
    0x1fff9640   0x1fff9640   0x00000020   Data   RO          319    .constdata          ty_app.o
    0x1fff9660   0x1fff9660   0x0000008a   Data   RO          591    .constdata          gpio.o
    0x1fff96ea   COMPRESSED   0x00000002   PAD
    0x1fff96ec   0x1fff96ec   0x0000000c   Data   RO          824    .constdata          uart.o
    0x1fff96f8   0x1fff96f8   0x0000000c   Data   RO         1349    .constdata          led_driver.o
    0x1fff9704   0x1fff9704   0x00000200   Data   RO         1437    .constdata          pzem_004_driver.o
    0x1fff9904   0x1fff9904   0x00000044   Data   RO         1757    .constdata          protocol.o
    0x1fff9948   0x1fff9948   0x00000020   Data   RO         2117    .constdata          crc16.o
    0x1fff9968   0x1fff9968   0x00000400   Data   RO         2186    .constdata          crc32.o
    0x1fff9d68   0x1fff9d68   0x00000005   Data   RO         2141    .conststring        ota_flash_port.o
    0x1fff9d6d   COMPRESSED   0x00000003   PAD
    0x1fff9d70   0x1fff9d70   0x00000050   Data   RO         2771    Region$$Table       anon$$obj.o
    0x1fff9dc0   0x1fff9dc0   0x00000009   Data   RO          252    _section_sram_code_  osal_gpio.o
    0x1fff9dc9   COMPRESSED   0x00000003   PAD
    0x1fff9dcc   COMPRESSED   0x00000002   Data   RW           11    .data               main.o
    0x1fff9dce   COMPRESSED   0x00000002   PAD
    0x1fff9dd0   COMPRESSED   0x00000004   Data   RW          187    .data               jump_table.o
    0x1fff9dd4   COMPRESSED   0x00000004   Data   RW          251    .data               osal_gpio.o
    0x1fff9dd8   COMPRESSED   0x000000b0   Data   RW          320    .data               ty_app.o
    0x1fff9e88   COMPRESSED   0x00000002   Data   RW          825    .data               uart.o
    0x1fff9e8a   COMPRESSED   0x00000002   PAD
    0x1fff9e8c   COMPRESSED   0x0000000d   Data   RW          968    .data               pwrmgr.o
    0x1fff9e99   COMPRESSED   0x00000003   PAD
    0x1fff9e9c   COMPRESSED   0x00000013   Data   RW         1203    .data               flash.o
    0x1fff9eaf   COMPRESSED   0x00000001   PAD
    0x1fff9eb0   COMPRESSED   0x00000006   Data   RW         1318    .data               key_driver.o
    0x1fff9eb6   COMPRESSED   0x00000005   Data   RW         1350    .data               led_driver.o
    0x1fff9ebb   COMPRESSED   0x00000001   Data   RW         1395    .data               watchdog.o
    0x1fff9ebc   COMPRESSED   0x00000004   Data   RW         1479    .data               dht11_driver.o
    0x1fff9ec0   COMPRESSED   0x00000002   Data   RW         1580    .data               mcu_api.o
    0x1fff9ec2   COMPRESSED   0x00000002   PAD
    0x1fff9ec4   COMPRESSED   0x00000015   Data   RW         1866    .data               system.o
    0x1fff9ed9   COMPRESSED   0x00000003   PAD
    0x1fff9edc   COMPRESSED   0x00000004   Data   RW         1968    .data               fs.o
    0x1fff9ee0   COMPRESSED   0x00000008   Data   RW         2142    .data               ota_flash_port.o
    0x1fff9ee8   COMPRESSED   0x00000004   Data   RW         2215    .data               system_armcm0.o
    0x1fff9eec   COMPRESSED   0x00000069   Data   RW         2421    .data               rf.lib(patch.o)
    0x1fff9f55   COMPRESSED   0x00000001   Data   RW         2674    .data               rf.lib(phy_sec_ext.o)
    0x1fff9f56   COMPRESSED   0x00000002   PAD
    0x1fff9f58   COMPRESSED   0x00000008   Data   RW         2700    .data               rf.lib(lib_efuse3.o)
    0x1fff9f60        -       0x00001af0   Zero   RW            9    .bss                main.o
    0x1fffba50        -       0x000000e6   Zero   RW          318    .bss                ty_app.o
    0x1fffbb36   COMPRESSED   0x00000002   PAD
    0x1fffbb38        -       0x00000130   Zero   RW          590    .bss                gpio.o
    0x1fffbc68        -       0x00000040   Zero   RW          823    .bss                uart.o
    0x1fffbca8        -       0x00000084   Zero   RW          967    .bss                pwrmgr.o
    0x1fffbd2c        -       0x00000c95   Zero   RW         1865    .bss                system.o
    0x1fffc9c1   COMPRESSED   0x00000003   PAD
    0x1fffc9c4        -       0x00000110   Zero   RW         2140    .bss                ota_flash_port.o
    0x1fffcad4        -       0x0000038c   Zero   RW         2417    .bss                rf.lib(patch.o)
    0x1fffce60        -       0x00000010   Zero   RW         2670    .bss                rf.lib(phy_sec_ext.o)
    0x1fffce70        -       0x00000400   Zero   RW         2204    STACK               startup_armcm0.o



  Load Region LR_IROM2 (Base: 0x1fff0000, Size: 0x00000800, Max: 0x00000800, ABSOLUTE, COMPRESSED[0x0000040c])

    Execution Region JUMP_TABLE (Exec base: 0x1fff0000, Load base: 0x1fff0000, Size: 0x00000400, Max: 0x00000400, ABSOLUTE)

    Exec Addr    Load Addr    Size         Type   Attr      Idx    E Section Name        Object

    0x1fff0000   0x1fff0000   0x00000400   Data   RO          189    jump_table_mem_area  jump_table.o


    Execution Region GOLBAL_CONFIG (Exec base: 0x1fff0400, Load base: 0x1fff0400, Size: 0x00000400, Max: 0x00000400, ABSOLUTE, COMPRESSED[0x0000000c])

    Exec Addr    Load Addr    Size         Type   Attr      Idx    E Section Name        Object

    0x1fff0400   COMPRESSED   0x00000400   Data   RW          188    global_config_area  jump_table.o


==============================================================================

Image component sizes


      Code (inc. data)   RO Data    RW Data    ZI Data      Debug   Object Name

       768         64          0          0          0       4667   clock.o
        98          6         32          0          0       1804   crc16.o
        40          4       1024          0          0       1248   crc32.o
        12          6          0          4          0       1254   dht11_driver.o
      1468        112          0         19          0      20258   flash.o
      3472        102          0          4          0      18328   fs.o
      1316         98        138          0        304      20243   gpio.o
        20          0          0          0          0        911   gpio_main.o
       680        380       1024       1028          0       3790   jump_table.o
       136         18          0          6          0       1388   key_driver.o
       262         40         12          5          0       3502   led_driver.o
       532         82         52          2       6896      65674   main.o
       884         80          0          2          0      11041   mcu_api.o
        48          6          9          4          0       1764   osal_gpio.o
       118          0          0          0          0       1645   osal_snv.o
       412         48          5          8        272       4289   ota_flash_port.o
       848         12         68          0          0      14536   protocol.o
       748         72          0         13        132       9453   pwrmgr.o
       644          8        512          0          0       5330   pzem_004_driver.o
        28          8        192          0       1024        672   startup_armcm0.o
      1260        152          0         21       3221      10990   system.o
        16          8          0          4          0        775   system_armcm0.o
      4120        236         32        176        230      31921   ty_app.o
      1872        158         12          2         64      19962   uart.o
       312         40          0          1          0       2846   watchdog.o

    ----------------------------------------------------------------------
     21352       2144       3200       1312      12148     258291   Object Totals
      1212        404         80          0          0          0   (incl. Generated)
        26          0          8         13          5          0   (incl. Padding)

    ----------------------------------------------------------------------

      Code (inc. data)   RO Data    RW Data    ZI Data      Debug   Library Member Name

        86          0          0          0          0          0   __dczerorl2.o
         0          0          0          0          0          0   entry.o
         0          0          0          0          0          0   entry10a.o
         0          0          0          0          0          0   entry11a.o
         4          0          0          0          0          0   entry12b.o
         8          4          0          0          0          0   entry2.o
         4          0          0          0          0          0   entry5.o
         0          0          0          0          0          0   entry7b.o
         0          0          0          0          0          0   entry8b.o
         8          4          0          0          0          0   entry9a.o
        30          0          0          0          0          0   handlers.o
        36          8          0          0          0         68   init.o
       184         16          0          8          0         72   lib_efuse3.o
      8490        976          0        105        908       4036   patch.o
       256         36          0          1         16        344   phy_sec_ext.o
      1556        304          0          0          0        656   rf_phy_driver.o

    ----------------------------------------------------------------------
     10668       1348          0        116        924       5176   Library Totals
         6          0          0          2          0          0   (incl. Padding)

    ----------------------------------------------------------------------

      Code (inc. data)   RO Data    RW Data    ZI Data      Debug   Library Name

       176         16          0          0          0         68   mc_p.l
     10486       1332          0        114        924       5108   rf.lib

    ----------------------------------------------------------------------
     10668       1348          0        116        924       5176   Library Totals

    ----------------------------------------------------------------------

==============================================================================


      Code (inc. data)   RO Data    RW Data    ZI Data      Debug   

     32020       3492       3200       1428      13072     251803   Grand Totals
     32020       3492       3200        116      13072     251803   ELF Image Totals (compressed)
     32020       3492       3200        116          0          0   ROM Totals

==============================================================================

    Total RO  Size (Code + RO Data)                35220 (  34.39kB)
    Total RW  Size (RW Data + ZI Data)             14500 (  14.16kB)
    Total ROM Size (Code + RO Data + RW Data)      35336 (  34.51kB)

==============================================================================

